[    0.000000] Initializing cgroup subsys cpuset
[    0.000000] Initializing cgroup subsys cpu
[    0.000000] Initializing cgroup subsys cpuacct
[    0.000000] Linux version 4.4.0-170-generic (buildd@lcy01-amd64-019) (gcc version 5.4.0 20160609 (Ubuntu 5.4.0-6ubuntu1~16.04.12) ) #199-Ubuntu SMP Thu Nov 14 01:45:04 UTC 2019 (Ubuntu 4.4.0-170.199-generic 4.4.200)
[    0.000000] Command line: BOOT_IMAGE=/boot/vmlinuz-4.4.0-170-generic root=LABEL=cloudimg-rootfs ro console=tty1 console=ttyS0
[    0.000000] KERNEL supported cpus:
[    0.000000]   Intel GenuineIntel
[    0.000000]   AMD AuthenticAMD
[    0.000000]   Centaur CentaurHauls
[    0.000000] x86/fpu: xstate_offset[2]:  576, xstate_sizes[2]:  256
[    0.000000] x86/fpu: Supporting XSAVE feature 0x01: 'x87 floating point registers'
[    0.000000] x86/fpu: Supporting XSAVE feature 0x02: 'SSE registers'
[    0.000000] x86/fpu: Supporting XSAVE feature 0x04: 'AVX registers'
[    0.000000] x86/fpu: Enabled xstate features 0x7, context size is 832 bytes, using 'standard' format.
[    0.000000] e820: BIOS-provided physical RAM map:
[    0.000000] BIOS-e820: [mem 0x0000000000000000-0x000000000009fbff] usable
[    0.000000] BIOS-e820: [mem 0x000000000009fc00-0x000000000009ffff] reserved
[    0.000000] BIOS-e820: [mem 0x00000000000f0000-0x00000000000fffff] reserved
[    0.000000] BIOS-e820: [mem 0x0000000000100000-0x000000003ffeffff] usable
[    0.000000] BIOS-e820: [mem 0x000000003fff0000-0x000000003fffffff] ACPI data
[    0.000000] BIOS-e820: [mem 0x00000000fec00000-0x00000000fec00fff] reserved
[    0.000000] BIOS-e820: [mem 0x00000000fee00000-0x00000000fee00fff] reserved
[    0.000000] BIOS-e820: [mem 0x00000000fffc0000-0x00000000ffffffff] reserved
[    0.000000] NX (Execute Disable) protection: active
[    0.000000] SMBIOS 2.5 present.
[    0.000000] Hypervisor detected: KVM
[    0.000000] Kernel/User page tables isolation: disabled
[    0.000000] e820: last_pfn = 0x3fff0 max_arch_pfn = 0x400000000
[    0.000000] MTRR: Disabled
[    0.000000] x86/PAT: MTRRs disabled, skipping PAT initialization too.
[    0.000000] CPU MTRRs all blank - virtualized system.
[    0.000000] x86/PAT: Configuration [0-7]: WB  WT  UC- UC  WB  WT  UC- UC  
[    0.000000] found SMP MP-table at [mem 0x0009fff0-0x0009ffff] mapped at [ffff88000009fff0]
[    0.000000] Scanning 1 areas for low memory corruption
[    0.000000] RAMDISK: [mem 0x362fa000-0x37174fff]
[    0.000000] ACPI: Early table checksum verification disabled
[    0.000000] ACPI: RSDP 0x00000000000E0000 000024 (v02 VBOX  )
[    0.000000] ACPI: XSDT 0x000000003FFF0030 00003C (v01 VBOX   VBOXXSDT 00000001 ASL  00000061)
[    0.000000] ACPI: FACP 0x000000003FFF00F0 0000F4 (v04 VBOX   VBOXFACP 00000001 ASL  00000061)
[    0.000000] ACPI: DSDT 0x000000003FFF0470 0022EA (v02 VBOX   VBOXBIOS 00000002 INTL 20100528)
[    0.000000] ACPI: FACS 0x000000003FFF0200 000040
[    0.000000] ACPI: FACS 0x000000003FFF0200 000040
[    0.000000] ACPI: APIC 0x000000003FFF0240 00005C (v02 VBOX   VBOXAPIC 00000001 ASL  00000061)
[    0.000000] ACPI: SSDT 0x000000003FFF02A0 0001CC (v01 VBOX   VBOXCPUT 00000002 INTL 20100528)
[    0.000000] No NUMA configuration found
[    0.000000] Faking a node at [mem 0x0000000000000000-0x000000003ffeffff]
[    0.000000] NODE_DATA(0) allocated [mem 0x3ffeb000-0x3ffeffff]
[    0.000000] kvm-clock: Using msrs 4b564d01 and 4b564d00
[    0.000000] kvm-clock: cpu 0, msr 0:3ffe3001, primary cpu clock
[    0.000000] kvm-clock: using sched offset of 3482818854 cycles
[    0.000000] clocksource: kvm-clock: mask: 0xffffffffffffffff max_cycles: 0x1cd42e4dffb, max_idle_ns: 881590591483 ns
[    0.000000] Zone ranges:
[    0.000000]   DMA      [mem 0x0000000000001000-0x0000000000ffffff]
[    0.000000]   DMA32    [mem 0x0000000001000000-0x000000003ffeffff]
[    0.000000]   Normal   empty
[    0.000000]   Device   empty
[    0.000000] Movable zone start for each node
[    0.000000] Early memory node ranges
[    0.000000]   node   0: [mem 0x0000000000001000-0x000000000009efff]
[    0.000000]   node   0: [mem 0x0000000000100000-0x000000003ffeffff]
[    0.000000] Initmem setup node 0 [mem 0x0000000000001000-0x000000003ffeffff]
[    0.000000] ACPI: PM-Timer IO Port: 0x4008
[    0.000000] IOAPIC[0]: apic_id 2, version 32, address 0xfec00000, GSI 0-23
[    0.000000] ACPI: INT_SRC_OVR (bus 0 bus_irq 0 global_irq 2 dfl dfl)
[    0.000000] ACPI: INT_SRC_OVR (bus 0 bus_irq 9 global_irq 9 low level)
[    0.000000] Using ACPI (MADT) for SMP configuration information
[    0.000000] smpboot: Allowing 2 CPUs, 0 hotplug CPUs
[    0.000000] PM: Registered nosave memory: [mem 0x00000000-0x00000fff]
[    0.000000] PM: Registered nosave memory: [mem 0x0009f000-0x0009ffff]
[    0.000000] PM: Registered nosave memory: [mem 0x000a0000-0x000effff]
[    0.000000] PM: Registered nosave memory: [mem 0x000f0000-0x000fffff]
[    0.000000] e820: [mem 0x40000000-0xfebfffff] available for PCI devices
[    0.000000] Booting paravirtualized kernel on KVM
[    0.000000] clocksource: refined-jiffies: mask: 0xffffffff max_cycles: 0xffffffff, max_idle_ns: 7645519600211568 ns
[    0.000000] setup_percpu: NR_CPUS:512 nr_cpumask_bits:512 nr_cpu_ids:2 nr_node_ids:1
[    0.000000] PERCPU: Embedded 33 pages/cpu @ffff88003fc00000 s95448 r8192 d31528 u1048576
[    0.000000] Built 1 zonelists in Node order, mobility grouping on.  Total pages: 257912
[    0.000000] Policy zone: DMA32
[    0.000000] Kernel command line: BOOT_IMAGE=/boot/vmlinuz-4.4.0-170-generic root=LABEL=cloudimg-rootfs ro console=tty1 console=ttyS0
[    0.000000] PID hash table entries: 4096 (order: 3, 32768 bytes)
[    0.000000] Memory: 997728K/1048120K available (8626K kernel code, 1336K rwdata, 4036K rodata, 1488K init, 1288K bss, 50392K reserved, 0K cma-reserved)
[    0.000000] SLUB: HWalign=64, Order=0-3, MinObjects=0, CPUs=2, Nodes=1
[    0.000000] Hierarchical RCU implementation.
[    0.000000] 	Build-time adjustment of leaf fanout to 64.
[    0.000000] 	RCU restricting CPUs from NR_CPUS=512 to nr_cpu_ids=2.
[    0.000000] RCU: Adjusting geometry for rcu_fanout_leaf=64, nr_cpu_ids=2
[    0.000000] NR_IRQS:33024 nr_irqs:440 16
[    0.000000] Console: colour VGA+ 80x25
[    0.000000] console [tty1] enabled
[    0.000000] console [ttyS0] enabled
[    0.000000] tsc: Detected 1992.001 MHz processor
[    0.105961] Calibrating delay loop (skipped) preset value.. 3984.00 BogoMIPS (lpj=7968004)
[    0.107276] pid_max: default: 32768 minimum: 301
[    0.107954] ACPI: Core revision 20150930
[    0.109151] ACPI: 2 ACPI AML tables successfully acquired and loaded
[    0.110317] Security Framework initialized
[    0.110921] Yama: becoming mindful.
[    0.111480] AppArmor: AppArmor initialized
[    0.112117] Dentry cache hash table entries: 131072 (order: 8, 1048576 bytes)
[    0.113215] Inode-cache hash table entries: 65536 (order: 7, 524288 bytes)
[    0.116292] Mount-cache hash table entries: 2048 (order: 2, 16384 bytes)
[    0.117160] Mountpoint-cache hash table entries: 2048 (order: 2, 16384 bytes)
[    0.118184] Initializing cgroup subsys io
[    0.118774] Initializing cgroup subsys memory
[    0.119431] Initializing cgroup subsys devices
[    0.120066] Initializing cgroup subsys freezer
[    0.120689] Initializing cgroup subsys net_cls
[    0.121431] Initializing cgroup subsys perf_event
[    0.122098] Initializing cgroup subsys net_prio
[    0.122733] Initializing cgroup subsys hugetlb
[    0.123426] Initializing cgroup subsys pids
[    0.125046] mce: CPU supports 0 MCE banks
[    0.125643] Last level iTLB entries: 4KB 64, 2MB 8, 4MB 8
[    0.126410] Last level dTLB entries: 4KB 64, 2MB 0, 4MB 0, 1GB 4
[    0.127384] Spectre V1 : Mitigation: usercopy/swapgs barriers and __user pointer sanitization
[    0.128580] Spectre V2 : Mitigation: Enhanced IBRS
[    0.129362] Spectre V2 : Spectre v2 / SpectreRSB mitigation: Filling RSB on context switch
[    0.130493] Speculative Store Bypass: Vulnerable
[    0.133147] Freeing SMP alternatives memory: 36K
[    0.138496] ftrace: allocating 32302 entries in 127 pages
[    0.173469] smpboot: APIC(0) Converting physical 0 to logical package 0
[    0.174401] smpboot: Max logical packages: 1
[    0.175263] x2apic enabled
[    0.176106] Switched APIC routing to physical x2apic.
[    0.178065] ..TIMER: vector=0x30 apic1=0 pin1=2 apic2=-1 pin2=-1
[    0.286893] smpboot: CPU0: Intel(R) Core(TM) i7-8565U CPU @ 1.80GHz (family: 0x6, model: 0x8e, stepping: 0xc)
[    0.288398] Performance Events: unsupported p6 CPU model 142 no PMU driver, software events only.
[    0.296854] KVM setup paravirtual spinlock
[    0.297910] x86: Booting SMP configuration:
[    0.298552] .... node  #0, CPUs:      #1
[    0.299356] kvm-clock: cpu 1, msr 0:3ffe3041, secondary cpu clock
[    0.301094] mce: CPU supports 0 MCE banks
[    0.303496] x86: Booted up 1 node, 2 CPUs
[    0.304220] smpboot: Total of 2 processors activated (7968.00 BogoMIPS)
[    0.305495] devtmpfs: initialized
[    0.307343] evm: security.selinux
[    0.307845] evm: security.SMACK64
[    0.308436] evm: security.SMACK64EXEC
[    0.308974] evm: security.SMACK64TRANSMUTE
[    0.309549] evm: security.SMACK64MMAP
[    0.310095] evm: security.ima
[    0.310567] evm: security.capability
[    0.311266] clocksource: jiffies: mask: 0xffffffff max_cycles: 0xffffffff, max_idle_ns: 7645041785100000 ns
[    0.312631] futex hash table entries: 512 (order: 3, 32768 bytes)
[    0.313570] pinctrl core: initialized pinctrl subsystem
[    0.314340] RTC time:  9:16:40, date: 01/21/20
[    0.317300] NET: Registered protocol family 16
[    0.327135] cpuidle: using governor ladder
[    0.339662] cpuidle: using governor menu
[    0.340436] PCCT header not found.
[    0.341015] ACPI: bus type PCI registered
[    0.341704] acpiphp: ACPI Hot Plug PCI Controller Driver version: 0.5
[    0.342648] PCI: Using configuration type 1 for base access
[    0.356742] ACPI: Added _OSI(Module Device)
[    0.357396] ACPI: Added _OSI(Processor Device)
[    0.358071] ACPI: Added _OSI(3.0 _SCP Extensions)
[    0.358885] ACPI: Added _OSI(Processor Aggregator Device)
[    0.360189] ACPI: Executed 1 blocks of module-level executable AML code
[    0.362430] ACPI: Interpreter enabled
[    0.363059] ACPI: (supports S0 S5)
[    0.363699] ACPI: Using IOAPIC for interrupt routing
[    0.364470] PCI: Using host bridge windows from ACPI; if necessary, use "pci=nocrs" and report a bug
[    0.367861] ACPI: PCI Root Bridge [PCI0] (domain 0000 [bus 00-ff])
[    0.368626] acpi PNP0A03:00: _OSC: OS supports [ASPM ClockPM Segments MSI]
[    0.369688] acpi PNP0A03:00: _OSC: not requesting OS control; OS requires [ExtendedConfig ASPM ClockPM MSI]
[    0.371158] acpi PNP0A03:00: fail to add MMCONFIG information, can't access extended PCI configuration space under this bridge.
[    0.372874] PCI host bridge to bus 0000:00
[    0.373741] pci_bus 0000:00: root bus resource [io  0x0000-0x0cf7 window]
[    0.374574] pci_bus 0000:00: root bus resource [io  0x0d00-0xffff window]
[    0.375421] pci_bus 0000:00: root bus resource [mem 0x000a0000-0x000bffff window]
[    0.376848] pci_bus 0000:00: root bus resource [mem 0x40000000-0xfdffffff window]
[    0.377979] pci_bus 0000:00: root bus resource [bus 00-ff]
[    0.379893] pci 0000:00:01.1: legacy IDE quirk: reg 0x10: [io  0x01f0-0x01f7]
[    0.380846] pci 0000:00:01.1: legacy IDE quirk: reg 0x14: [io  0x03f6]
[    0.381741] pci 0000:00:01.1: legacy IDE quirk: reg 0x18: [io  0x0170-0x0177]
[    0.382614] pci 0000:00:01.1: legacy IDE quirk: reg 0x1c: [io  0x0376]
[    0.395008] pci 0000:00:07.0: quirk: [io  0x4000-0x403f] claimed by PIIX4 ACPI
[    0.402963] pci 0000:00:07.0: quirk: [io  0x4100-0x410f] claimed by PIIX4 SMB
[    0.407608] ACPI: PCI Interrupt Link [LNKA] (IRQs 5 9 10 *11)
[    0.409083] ACPI: PCI Interrupt Link [LNKB] (IRQs 5 9 *10 11)
[    0.410773] ACPI: PCI Interrupt Link [LNKC] (IRQs 5 *9 10 11)
[    0.411861] ACPI: PCI Interrupt Link [LNKD] (IRQs 5 9 10 *11)
[    0.412959] ACPI: Enabled 2 GPEs in block 00 to 07
[    0.414003] vgaarb: setting as boot device: PCI:0000:00:02.0
[    0.414802] vgaarb: device added: PCI:0000:00:02.0,decodes=io+mem,owns=io+mem,locks=none
[    0.415956] vgaarb: loaded
[    0.416380] vgaarb: bridge control possible 0000:00:02.0
[    0.417250] SCSI subsystem initialized
[    0.418022] ACPI: bus type USB registered
[    0.418663] usbcore: registered new interface driver usbfs
[    0.419350] usbcore: registered new interface driver hub
[    0.420075] usbcore: registered new device driver usb
[    0.421255] PCI: Using ACPI for IRQ routing
[    0.422059] NetLabel: Initializing
[    0.422630] NetLabel:  domain hash size = 128
[    0.423204] NetLabel:  protocols = UNLABELED CIPSOv4
[    0.423937] NetLabel:  unlabeled traffic allowed by default
[    0.424837] amd_nb: Cannot enumerate AMD northbridges
[    0.425590] clocksource: Switched to clocksource kvm-clock
[    0.434788] AppArmor: AppArmor Filesystem Enabled
[    0.435538] pnp: PnP ACPI init
[    0.436596] pnp: PnP ACPI: found 3 devices
[    0.446061] clocksource: acpi_pm: mask: 0xffffff max_cycles: 0xffffff, max_idle_ns: 2085701024 ns
[    0.447267] NET: Registered protocol family 2
[    0.447976] TCP established hash table entries: 8192 (order: 4, 65536 bytes)
[    0.448862] TCP bind hash table entries: 8192 (order: 5, 131072 bytes)
[    0.449801] TCP: Hash tables configured (established 8192 bind 8192)
[    0.452643] UDP hash table entries: 512 (order: 2, 16384 bytes)
[    0.453517] UDP-Lite hash table entries: 512 (order: 2, 16384 bytes)
[    0.454425] NET: Registered protocol family 1
[    0.455075] pci 0000:00:00.0: Limiting direct PCI/PCI transfers
[    0.455896] pci 0000:00:01.0: Activating ISA DMA hang workarounds
[    0.456787] Unpacking initramfs...
[    0.649601] Freeing initrd memory: 14828K
[    0.650800] clocksource: tsc: mask: 0xffffffffffffffff max_cycles: 0x396d54029a7, max_idle_ns: 881590429682 ns
[    0.652209] platform rtc_cmos: registered platform RTC device (no PNP device found)
[    0.653404] Scanning for low memory corruption every 60 seconds
[    0.654863] audit: initializing netlink subsys (disabled)
[    0.655619] audit: type=2000 audit(1579598206.175:1): initialized
[    0.656698] Initialise system trusted keyring
[    0.657581] HugeTLB registered 2 MB page size, pre-allocated 0 pages
[    0.659370] zbud: loaded
[    0.660113] VFS: Disk quotas dquot_6.6.0
[    0.660726] VFS: Dquot-cache hash table entries: 512 (order 0, 4096 bytes)
[    0.661832] squashfs: version 4.0 (2009/01/31) Phillip Lougher
[    0.662887] fuse init (API version 7.23)
[    0.663624] Key type big_key registered
[    0.664237] Allocating IMA MOK and blacklist keyrings.
[    0.667625] Key type asymmetric registered
[    0.668258] Asymmetric key parser 'x509' registered
[    0.669007] Block layer SCSI generic (bsg) driver version 0.4 loaded (major 249)
[    0.670342] io scheduler noop registered
[    0.671043] io scheduler deadline registered (default)
[    0.671811] io scheduler cfq registered
[    0.672455] pci_hotplug: PCI Hot Plug PCI Core version: 0.5
[    0.673225] pciehp: PCI Express Hot Plug Controller Driver version: 0.4
[    0.674289] ACPI: AC Adapter [AC] (on-line)
[    0.675059] input: Power Button as /devices/LNXSYSTM:00/LNXPWRBN:00/input/input0
[    0.676146] ACPI: Power Button [PWRF]
[    0.677152] input: Sleep Button as /devices/LNXSYSTM:00/LNXSLPBN:00/input/input1
[    0.678464] ACPI: Sleep Button [SLPF]
[    0.679227] GHES: HEST is not enabled!
[    0.679730] ACPI: Battery Slot [BAT0] (battery present)
[    0.681121] Serial: 8250/16550 driver, 32 ports, IRQ sharing enabled
[    0.702463] 00:02: ttyS0 at I/O 0x3f8 (irq = 4, base_baud = 115200) is a 16550A
[    0.707010] Linux agpgart interface v0.103
[    0.708728] loop: module loaded
[    0.709624] scsi host0: ata_piix
[    0.710243] scsi host1: ata_piix
[    0.710803] ata1: PATA max UDMA/33 cmd 0x1f0 ctl 0x3f6 bmdma 0xd000 irq 14
[    0.711712] ata2: PATA max UDMA/33 cmd 0x170 ctl 0x376 bmdma 0xd008 irq 15
[    0.712703] libphy: Fixed MDIO Bus: probed
[    0.713476] tun: Universal TUN/TAP device driver, 1.6
[    0.714296] tun: (C) 1999-2004 Max Krasnyansky <maxk@qualcomm.com>
[    0.715328] PPP generic driver version 2.4.2
[    0.716137] ehci_hcd: USB 2.0 'Enhanced' Host Controller (EHCI) Driver
[    0.717000] ehci-pci: EHCI PCI platform driver
[    0.717661] ehci-platform: EHCI generic platform driver
[    0.718418] ohci_hcd: USB 1.1 'Open' Host Controller (OHCI) Driver
[    0.719254] ohci-pci: OHCI PCI platform driver
[    0.719933] ohci-platform: OHCI generic platform driver
[    0.720650] uhci_hcd: USB Universal Host Controller Interface driver
[    0.721510] i8042: PNP: PS/2 Controller [PNP0303:PS2K,PNP0f03:PS2M] at 0x60,0x64 irq 1,12
[    0.723119] serio: i8042 KBD port at 0x60,0x64 irq 1
[    0.723879] serio: i8042 AUX port at 0x60,0x64 irq 12
[    0.725068] mousedev: PS/2 mouse device common for all mice
[    0.726760] input: AT Translated Set 2 keyboard as /devices/platform/i8042/serio0/input/input2
[    0.728455] rtc_cmos rtc_cmos: rtc core: registered rtc_cmos as rtc0
[    0.729449] rtc_cmos rtc_cmos: alarms up to one day, 114 bytes nvram
[    0.730511] i2c /dev entries driver
[    0.731103] device-mapper: uevent: version 1.0.3
[    0.732114] device-mapper: ioctl: 4.34.0-ioctl (2015-10-28) initialised: dm-devel@redhat.com
[    0.733399] ledtrig-cpu: registered to indicate activity on CPUs
[    0.734649] NET: Registered protocol family 10
[    0.735523] NET: Registered protocol family 17
[    0.736221] Key type dns_resolver registered
[    0.737347] registered taskstats version 1
[    0.738182] Loading compiled-in X.509 certificates
[    0.739247] Loaded X.509 cert 'Build time autogenerated kernel key: f0e56e97f406068ace47a9bf54316e9855aaaa43'
[    0.740649] zswap: loaded using pool lzo/zbud
[    0.742589] Key type trusted registered
[    0.745204] Key type encrypted registered
[    0.745903] AppArmor: AppArmor sha1 policy hashing enabled
[    0.746659] ima: No TPM chip found, activating TPM-bypass!
[    0.747524] ima: Allocated hash algorithm: sha1
[    0.748333] evm: HMAC attrs: 0x1
[    0.749144]   Magic number: 4:220:273
[    0.749972] tty tty10: hash matches
[    0.750529] net lo: hash matches
[    0.751236] rtc_cmos rtc_cmos: setting system clock to 2020-01-21 09:16:41 UTC (1579598201)
[    0.752552] BIOS EDD facility v0.16 2004-Jun-25, 0 devices found
[    0.753442] EDD information not available.
[    0.866729] Freeing unused kernel memory: 1488K
[    0.867432] Write protecting the kernel read-only data: 14336k
[    0.868619] Freeing unused kernel memory: 1604K
[    0.869507] Freeing unused kernel memory: 60K
Loading, please wait...
starting version 229
[    0.883156] random: systemd-udevd: uninitialized urandom read (16 bytes read, 1 bits of entropy available)
[    0.883609] random: udevadm: uninitialized urandom read (16 bytes read, 1 bits of entropy available)
[    0.883626] random: udevadm: uninitialized urandom read (16 bytes read, 1 bits of entropy available)
[    0.888836] random: systemd-udevd: uninitialized urandom read (16 bytes read, 1 bits of entropy available)
[    0.889426] random: udevadm: uninitialized urandom read (16 bytes read, 1 bits of entropy available)
[    0.889457] random: udevadm: uninitialized urandom read (16 bytes read, 1 bits of entropy available)
[    0.889554] random: udevadm: uninitialized urandom read (16 bytes read, 1 bits of entropy available)
[    0.889590] random: udevadm: uninitialized urandom read (16 bytes read, 1 bits of entropy available)
[    0.889672] random: udevadm: uninitialized urandom read (16 bytes read, 1 bits of entropy available)
[    0.889706] random: udevadm: uninitialized urandom read (16 bytes read, 1 bits of entropy available)
[    0.927368] e1000: Intel(R) PRO/1000 Network Driver - version 7.3.21-k8-NAPI
[    0.928947] e1000: Copyright (c) 1999-2006 Intel Corporation.
[    0.930427] Fusion MPT base driver 3.04.20
[    0.931286] Copyright (c) 1999-2008 LSI Corporation
[    0.936017] Fusion MPT SPI Host driver 3.04.20
[    0.952429] AVX2 version of gcm_enc/dec engaged.
[    0.953520] AES CTR mode by8 optimization enabled
[    1.140285] input: ImExPS/2 Generic Explorer Mouse as /devices/platform/i8042/serio1/input/input4
[    1.265479] e1000 0000:00:03.0 eth0: (PCI:33MHz:32-bit) 02:dd:45:a7:5d:a0
[    1.266558] e1000 0000:00:03.0 eth0: Intel(R) PRO/1000 Network Connection
[    1.267899] mptbase: ioc0: Initiating bringup
[    1.267960] e1000 0000:00:03.0 enp0s3: renamed from eth0
[    1.330380] ioc0: LSI53C1030 A0: Capabilities={Initiator}
[    1.493973] scsi host2: ioc0: LSI53C1030 A0, FwRev=00000000h, Ports=1, MaxQ=256, IRQ=20
[    1.606434] scsi 2:0:0:0: Direct-Access     VBOX     HARDDISK         1.0  PQ: 0 ANSI: 5
[    1.607750] scsi target2:0:0: Beginning Domain Validation
[    1.611816] scsi target2:0:0: Domain Validation skipping write tests
[    1.612694] scsi target2:0:0: Ending Domain Validation
[    1.613564] scsi target2:0:0: asynchronous
[    1.615134] scsi 2:0:1:0: Direct-Access     VBOX     HARDDISK         1.0  PQ: 0 ANSI: 5
[    1.616363] scsi target2:0:1: Beginning Domain Validation
[    1.619601] scsi target2:0:1: Domain Validation skipping write tests
[    1.620695] scsi target2:0:1: Ending Domain Validation
[    1.628609] scsi target2:0:1: asynchronous
[    1.634515] sd 2:0:0:0: Attached scsi generic sg0 type 0
[    1.635670] sd 2:0:0:0: [sda] 20971520 512-byte logical blocks: (10.7 GB/10.0 GiB)
[    1.637118] sd 2:0:1:0: Attached scsi generic sg1 type 0
[    1.638282] sd 2:0:1:0: [sdb] 20480 512-byte logical blocks: (10.5 MB/10.0 MiB)
[    1.638534] sd 2:0:0:0: [sda] Write Protect is off
[    1.638923] sd 2:0:0:0: [sda] Incomplete mode parameter data
[    1.638924] sd 2:0:0:0: [sda] Assuming drive cache: write through
[    1.642985] sd 2:0:1:0: [sdb] Write Protect is off
[    1.644371] sd 2:0:1:0: [sdb] Incomplete mode parameter data
[    1.645258]  sda: sda1
[    1.645961] sd 2:0:1:0: [sdb] Assuming drive cache: write through
[    1.648411] sd 2:0:0:0: [sda] Attached SCSI disk
[    1.655292] sd 2:0:1:0: [sdb] Attached SCSI disk
Begin: Loading essential drivers ... [    2.917449] md: linear personality registered for level -1
[    2.919887] md: multipath personality registered for level -4
[    2.922369] md: raid0 personality registered for level 0
[    2.925420] md: raid1 personality registered for level 1
[    2.994109] raid6: sse2x1   gen() 13216 MB/s
[    3.062417] raid6: sse2x1   xor()  7146 MB/s
[    3.129801] raid6: sse2x2   gen() 17606 MB/s
[    3.198120] raid6: sse2x2   xor() 12072 MB/s
[    3.265600] raid6: sse2x4   gen() 19663 MB/s
[    3.333733] raid6: sse2x4   xor() 11396 MB/s
[    3.402083] raid6: avx2x1   gen() 24554 MB/s
[    3.470413] raid6: avx2x2   gen() 31391 MB/s
[    3.537736] raid6: avx2x4   gen() 35002 MB/s
[    3.538428] raid6: using algorithm avx2x4 gen() 35002 MB/s
[    3.539195] raid6: using avx2x2 recovery algorithm
[    3.541219] xor: automatically using best checksumming function:
[    3.581664]    avx       : 30359.000 MB/sec
[    3.583351] async_tx: api initialized (async)
[    3.592728] md: raid6 personality registered for level 6
[    3.593645] md: raid5 personality registered for level 5
[    3.594503] md: raid4 personality registered for level 4
[    3.599525] md: raid10 personality registered for level 10
done.
Begin: Running /scripts/init-premount ... done.
Begin: Mounting root file system ... Begin: Running /scripts/local-top ... done.
Begin: Running /scripts/local-premount ... [    3.619384] Btrfs loaded
Scanning for Btrfs filesystems
done.
Warning: fsck not present, so skipping root file system
[    3.654327] EXT4-fs (sda1): mounted filesystem with ordered data mode. Opts: (null)
done.
Begin: Running /scripts/local-bottom ... done.
Begin: Running /scripts/init-bottom ... done.
[    3.727223] systemd[1]: systemd 229 running in system mode. (+PAM +AUDIT +SELINUX +IMA +APPARMOR +SMACK +SYSVINIT +UTMP +LIBCRYPTSETUP +GCRYPT +GNUTLS +ACL +XZ -LZ4 +SECCOMP +BLKID +ELFUTILS +KMOD -IDN)
[    3.730054] systemd[1]: Detected virtualization oracle.
[    3.730993] systemd[1]: Detected architecture x86-64.

Welcome to [1mUbuntu 16.04.6 LTS[0m!

[    3.734071] systemd[1]: Set hostname to <ubuntu>.
[    3.737329] systemd[1]: Initializing machine ID from random generator.
[    3.738268] systemd[1]: Installed transient /etc/machine-id file.
[    3.828890] systemd[1]: Listening on udev Control Socket.
[[0;32m  OK  [0m] Listening on udev Control Socket.
[    3.830494] systemd[1]: Listening on Device-mapper event daemon FIFOs.
[[0;32m  OK  [0m] Listening on Device-mapper event daemon FIFOs.
[    3.832309] systemd[1]: Listening on /dev/initctl Compatibility Named Pipe.
[[0;32m  OK  [0m] Listening on /dev/initctl Compatibility Named Pipe.
[    3.834152] systemd[1]: Listening on udev Kernel Socket.
[[0;32m  OK  [0m] Listening on udev Kernel Socket.
[    3.835513] systemd[1]: Started Trigger resolvconf update for networkd DNS.
[[0;32m  OK  [0m] Started Trigger resolvconf update for networkd DNS.
[    3.837218] systemd[1]: Set up automount Arbitrary Executable File Formats File System Automount Point.
[[0;32m  OK  [0m] Set up automount Arbitrary Executab...ats File System Automount Point.
[    3.839342] systemd[1]: Reached target User and Group Name Lookups.
[[0;32m  OK  [0m] Reached target User and Group Name Lookups.
[    3.840870] systemd[1]: Listening on Syslog Socket.
[[0;32m  OK  [0m] Listening on Syslog Socket.
[    3.842229] systemd[1]: Started Forward Password Requests to Wall Directory Watch.
[[0;32m  OK  [0m] Started Forward Password Requests to Wall Directory Watch.
[    3.844060] systemd[1]: Listening on Journal Socket (/dev/log).
[[0;32m  OK  [0m] Listening on Journal Socket (/dev/log).
[    3.845528] systemd[1]: Reached target Encrypted Volumes.
[[0;32m  OK  [0m] Reached target Encrypted Volumes.
[    3.846948] systemd[1]: Listening on Journal Audit Socket.
[[0;32m  OK  [0m] Listening on Journal Audit Socket.
[    3.848330] systemd[1]: Listening on LVM2 metadata daemon socket.
[[0;32m  OK  [0m] Listening on LVM2 metadata daemon socket.
[    3.849828] systemd[1]: Reached target System Time Synchronized.
[[0;32m  OK  [0m] Reached target System Time Synchronized.
[    3.851265] systemd[1]: Reached target Swap.
[[0;32m  OK  [0m] Reached target Swap.
[    3.852654] systemd[1]: Created slice User and Session Slice.
[[0;32m  OK  [0m] Created slice User and Session Slice.
[    3.854287] systemd[1]: Listening on Journal Socket.
[[0;32m  OK  [0m] Listening on Journal Socket.
[    3.855552] systemd[1]: Listening on LVM2 poll daemon socket.
[[0;32m  OK  [0m] Listening on LVM2 poll daemon socket.
[    3.857088] systemd[1]: Created slice System Slice.
[[0;32m  OK  [0m] Created slice System Slice.
[    3.873836] systemd[1]: Starting Remount Root and Kernel File Systems...
         Starting Remount Root and Kernel File Systems...
[    3.878449] EXT4-fs (sda1): re-mounted. Opts: (null)
[    3.883526] systemd[1]: Mounting Huge Pages File System...
         Mounting Huge Pages File System...
[    3.890483] systemd[1]: Starting Create list of required static device nodes for the current kernel...
         Starting Create list of required st... nodes for the current kernel...
[    3.897831] systemd[1]: Reached target Slices.
[[0;32m  OK  [0m] Reached target Slices.
[    3.899880] systemd[1]: Mounting Debug File System...
         Mounting Debug File System...
[    3.901572] systemd[1]: Mounting POSIX Message Queue File System...
         Mounting POSIX Message Queue File System...
[    3.911193] systemd[1]: Starting Journal Service...
         Starting Journal Service...
[    3.918619] systemd[1]: Starting Set console keymap...
         Starting Set console keymap...
[    3.921825] systemd[1]: Created slice system-serial\x2dgetty.slice.
[[0;32m  OK  [0m] Created slice system-serial\x2dgetty.slice.
[    3.927193] systemd[1]: Starting Nameserver information manager...
         Starting Nameserver information manager...
[    3.929844] systemd[1]: Starting Uncomplicated firewall...
         Starting Uncomplicated firewall...
[    3.932168] systemd[1]: Starting Monitoring of LVM2 mirrors, snapshots etc. using dmeventd or progress polling...
         Starting Monitoring of LVM2 mirrors... dmeventd or progress polling...
[    3.938954] systemd[1]: Starting Load Kernel Modules...
         Starting Load Kernel Modules...
[    3.946915] systemd[1]: Mounted POSIX Message Queue File System.
[[0;32m  OK  [0m] Mounted POSIX Message Queue File System.
[    3.951242] Loading iSCSI transport class v2.0-870.
[    3.953770] systemd[1]: Mounted Debug File System.
[[0;32m  OK  [0m] Mounted Debug File System.
[    3.957578] iscsi: registered transport (tcp)
[    3.961875] systemd[1]: Mounted Huge Pages File System.
[[0;32m  OK  [0m] Mounted Huge Pages File System.
[    3.973792] systemd[1]: Started Journal Service.
[[0;32m  OK  [0m] Started Journal Service.
[    3.977271] iscsi: registered transport (iser)
[[0;32m  OK  [0m] Started Remount Root and Kernel File Systems.
[[0;32m  OK  [0m] Started Create list of required sta...ce nodes for the current kernel.
[[0;32m  OK  [0m] Started Set console keymap.
[[0;32m  OK  [0m] Started Uncomplicated firewall.
[[0;32m  OK  [0m] Started Load Kernel Modules.
[[0;32m  OK  [0m] Started Nameserver information manager.
[[0;32m  OK  [0m] Started LVM2 metadata daemon.
         Starting Apply Kernel Variables...
         Mounting FUSE Control File System...
         Starting Create Static Device Nodes in /dev...
         Starting udev Coldplug all Devices...
         Starting Load/Save Random Seed...
         Starting Flush Journal to Persistent Storage...
[[0;32m  OK  [0m] Mounted FUSE Control File System.
[[0;32m  OK  [0m] Started Apply Kernel Variables.
[[0;32m  OK  [0m] Started Load/Save Random Seed.
[[0;32m  OK  [0m] Started Flush Journal to Persistent Storage.
[[0;32m  OK  [0m] Started Create Static Device Nodes in /dev.
         Starting udev Kernel Device Manager...
[[0;32m  OK  [0m] Started udev Kernel Device Manager.
[[0;32m  OK  [0m] Started udev Coldplug all Devices.
[[0;32m  OK  [0m] Started Dispatch Password Requests to Console Directory Watch.
[[0;32m  OK  [0m] Found device /dev/ttyS0.
[[0;32m  OK  [0m] Listening on Load/Save RF Kill Switch Status /dev/rfkill Watch.
[[0;32m  OK  [0m] Started Monitoring of LVM2 mirrors,...ng dmeventd or progress polling.
[[0;32m  OK  [0m] Reached target Local File Systems (Pre).
[[0;32m  OK  [0m] Reached target Local File Systems.
         Starting LSB: AppArmor initialization...
         Starting Create Volatile Files and Directories...
         Starting Initial cloud-init job (pre-networking)...
         Starting Commit a transient machine-id on disk...
         Starting Set console font and keymap...
         Starting Tell Plymouth To Write Out Runtime Data...
[[0;32m  OK  [0m] Started Create Volatile Files and Directories.
[[0;32m  OK  [0m] Started Commit a transient machine-id on disk.
[[0;32m  OK  [0m] Started Tell Plymouth To Write Out Runtime Data.
         Starting Update UTMP about System Boot/Shutdown...
[[0;32m  OK  [0m] Started Update UTMP about System Boot/Shutdown.
[[0;32m  OK  [0m] Started Set console font and keymap.
[[0;32m  OK  [0m] Created slice system-getty.slice.
[    5.332407] cloud-init[616]: Cloud-init v. 19.2-36-g059d049c-0ubuntu2~16.04.1 running 'init-local' at Tue, 21 Jan 2020 09:16:45 +0000. Up 5.01 seconds.
[[0;32m  OK  [0m] Started Initial cloud-init job (pre-networking).
[[0;32m  OK  [0m] Reached target Network (Pre).
[[0;32m  OK  [0m] Started LSB: AppArmor initialization.
         Starting Raise network interfaces...
[[0;32m  OK  [0m] Started Raise network interfaces.
         Starting Initial cloud-init job (metadata service crawler)...
[[0;32m  OK  [0m] Reached target Network.
[    6.224672] cloud-init[953]: Cloud-init v. 19.2-36-g059d049c-0ubuntu2~16.04.1 running 'init' at Tue, 21 Jan 2020 09:16:46 +0000. Up 5.72 seconds.
[    6.226077] cloud-init[953]: ci-info: ++++++++++++++++++++++++++++++++++++++Net device info++++++++++++++++++++++++++++++++++++++
[    6.232613] cloud-init[953]: ci-info: +--------+------+----------------------------+---------------+--------+-------------------+
[    6.240463] cloud-init[953]: ci-info: | Device |  Up  |          Address           |      Mask     | Scope  |     Hw-Address    |
[    6.248327] cloud-init[953]: ci-info: +--------+------+----------------------------+---------------+--------+-------------------+
[    6.249237] cloud-init[953]: ci-info: | enp0s3 | True |         10.0.2.15          | 255.255.255.0 | global | 02:dd:45:a7:5d:a0 |
[    6.250422] cloud-init[953]: ci-info: | enp0s3 | True | fe80::dd:45ff:fea7:5da0/64 |       .       |  link  | 02:dd:45:a7:5d:a0 |
[    6.251390] cloud-init[953]: ci-info: |   lo   | True |         127.0.0.1          |   255.0.0.0   |  host  |         .         |
[    6.252555] [[0;32m  OK  [0m] Started Initial cloud-init job (metadata service crawler).
[[0;32m  OK  [0m] Reached target System Initialization.
[[0;32m  OK  [0m] Started Daily Cleanup of Temporary Directories.
[[0;32m  OK  [0m] Listening on UUID daemon activation socket.
         Starting Socket activation for snappy daemon.
cloud-init[953]: ci-info: |   lo   | True |          ::1/128           |       .       |  host  |         .         |
[[0;32m  OK  [0m] Started Daily apt download activities.
[[0;32m  OK  [0m] Started Daily apt upgrade and clean activities.
[    6.255644] cloud-init[953]: ci-info: +--------+------+----------------------------+---------------+--------+-------------------+[[0;32m  OK  [0m] Started ACPI Events Check.
[[0;32m  OK  [0m] Reached target Paths.
[[0;32m  OK  [0m] Started Message of the Day.

[    6.258662]          Starting LXD - unix socket.
[[0;32m  OK  [0m] Listening on D-Bus System Message Bus Socket.
[[0;32m  OK  [0m] Reached target Timers.
[[0;32m  OK  [0m] Listening on ACPID Listen Socket.
[[0;32m  OK  [0m] Reached target Cloud-config availability.
[[0;32m  OK  [0m] Reached target Network is Online.
cloud-init[953]: ci-info: +++++++++++++++++++++++++++Route IPv4 info++++++++++++++++++++++++++++
[    6.262125] cloud-init[953]: ci-info: +-------+-------------+----------+---------------+-----------+-------+
[    6.263029] cloud-init[953]: ci-info: | Route | Destination | Gateway  |    Genmask    | Interface | Flags |
[    6.263927] cloud-init[953]: ci-info: +-------+-------------+----------+---------------+-----------+-------+
[    6.264892] cloud-init[953]: ci-info: |   0   |   0.0.0.0   | 10.0.2.2 |    0.0.0.0    |   enp0s3  |   UG  |
[    6.265826] cloud-init[953]: ci-info: |   1   |   10.0.2.0  | 0.0.0.0  | 255.255.255.0 |   enp0s3  |   U   |
[    6.266726] cloud-init[953]: ci-info: +-------+-------------+----------+---------------+-----------+-------+
[    6.267733] cloud-init[953]: ci-info: +++++++++++++++++++Route IPv6 info+++++++++++++++++++
[    6.268625] cloud-init[953]: ci-info: +-------+-------------+---------+-----------+-------+
[    6.269446] cloud-init[953]: ci-info: | Route | Destination | Gateway | Interface | Flags |
[    6.270269] cloud-init[953]: ci-info: +-------+-------------+---------+-----------+-------+
[    6.271181] cloud-init[953]: ci-info: |   0   |  fe80::/64  |    ::   |   enp0s3  |   U   |
[    6.272000]          Starting iSCSI initiator daemon (iscsid)...
[[0;32m  OK  [0m] Listening on Socket activation for snappy daemon.
[[0;32m  OK  [0m] Listening on LXD - unix socket.
[[0;32m  OK  [0m] Reached target Sockets.
[[0;32m  OK  [0m] Reached target Basic System.
cloud-init         Starting LSB: Record successful boot for GRUB...
[953]:          Starting /etc/rc.local Compatibility...
ci-info: |   3   |   ff00::/8  |    ::   |   enp0s3  |   U   |         Starting LXD - container startup/shutdown...

         Starting Virtualbox guest utils...
[    6.276203] cloud-init[953]: [[0;32m  OK  [0m] Started D-Bus System Message Bus.
ci-info: +-------+-------------+---------+-----------+-------+
[    6.286209] cloud-init[953]: Generating public/private rsa key pair.
[    6.288028] cloud-init[953]: Your identification has been saved in /etc/ssh/ssh_host_rsa_key.
[    6.289581] cloud-init[953]: Your public key has been saved in /etc/ssh/ssh_host_rsa_key.pub.
[    6.291221] cloud-init[953]: The key fingerprint is:
[    6.292405] cloud-init[953]: SHA256:0sv9mXkuHBzcfKEbqK5wtcfbiEk/l2dIOZhOT3WltSg root@ubuntu-xenial
[    6.293870] cloud-init[953]: The key's randomart image is:
[    6.296092] cloud-init[953]: +---[RSA 2048]----+
[    6.297719] cloud-init[953]: |                 |
[    6.299485] cloud-init[953]: |               .o|
[    6.300933] cloud-init[953]: |           ..ooo+|
[    6.301796] cloud-init[953]: |       .   Eo++oo|
[    6.304120] cloud-init[953]: |      . S...+.=..|
[    6.305171] cloud-init[953]: |       o.+o+o*   |
[    6.306645] cloud-init[953]: |     . .+o+++.+  |
[    6.307532] cloud-init[953]: |      o ..=+*O.o |
[    6.308747] cloud-init[953]: |       ..o +B=+  |
[    6.309613] cloud-init[953]: +----[SHA256]-----+
[    6.310493] cloud-init[953]: Generating public/private dsa key pair.
[    6.311551] cloud-init[953]: Your identification has been saved in /etc/ssh/ssh_host_dsa_key.
[    6.312808] cloud-init[953]: Your public key has been saved in /etc/ssh/ssh_host_dsa_key.pub.
[    6.314124] cloud-init[953]: The key fingerprint is:
[    6.315131] cloud-init[953]: SHA256:m4M25rIGCrUSEtVE0IyiPdv6YXXKDEgAFsfxNG9zZCA root@ubuntu-xenial
[    6.316488] cloud-init[953]: The key's randomart image is:
[    6.318470] cloud-init[953]: +---[DSA 1024]----+
[    6.319424] cloud-init[953]: |++=@+E ..o       |
[    6.320351] cloud-init[953]: |+.o.* + o        |
[    6.321359] cloud-init[953]: |.+.  . + .       |
[    6.322254] cloud-init[953]: |+.+.  . o        |
[    6.323138] cloud-init[953]: |.o.=. . S        |
[    6.324011] cloud-init[953]: |o + .= + o       |
[    6.324902] cloud-init[953]: |.o oo O +        |
[    6.325767] cloud-init[953]: |. ..o= . .       |
[    6.326623] cloud-init[953]: |   ooo.          |
[    6.327531] cloud-init[953]: +----[SHA256]-----+         Starting LSB: MD monitoring daemon...

[[0;32m  OK  [0m] Started Regular background program processing daemon.
[[0;32m  OK  [0m] Started Deferred execution scheduler.
[    6.328805]          Starting Accounts Service...
cloud-init[953]: Generating public/private ecdsa key pair.         Starting System Logging Service...

[[0;32m  OK  [0m] Started FUSE filesystem for LXC.
[    6.331872] cloud-init[953]: Your identification has been saved in /etc/ssh/ssh_host_ecdsa_key.
         Starting Pollinate to seed the pseudo random number generator...
         Starting Login Service...
[[0;32m  OK  [0m] Started ACPI event daemon.
         Starting Snappy daemon...
[    6.343960] cloud-init[953]: Your public key has been saved in /etc/ssh/ssh_host_ecdsa_key.pub.
[    6.351583] cloud-init[953]: The key fingerprint is:
[    6.351779] cloud-init[953]: SHA256:uNNGtcQq8W5Oes1IsjZnpZqWb1JRmmz7woPUG9lte3s root@ubuntu-xenial
[    6.351917] cloud-init[953]: The key's randomart image is:
[    6.352765] cloud-init[953]: +---[ECDSA 256]---+
[    6.352988] cloud-init[953]: |                 |
[    6.353353] cloud-init[953]: |         ..      |
[    6.353575] cloud-init[953]: |      .. ++      |
[    6.353808] cloud-init[953]: |       +*+ .     |
[    6.354040] cloud-init[953]: |      ooS=..     |
[    6.354402] cloud-init[953]: |      o*B o o    |
[    6.354626] cloud-init[953]: |     .oO*X . .   |
[    6.354858] cloud-init[953]: |      OO% + . . E|
[    6.355090] cloud-init[953]: |     o+Xoo   ..o |
[    6.355448] cloud-init[953]: +----[SHA256]-----+
[    6.355673] cloud-init[953]: Generating public/private ed25519 key pair.
[    6.355905] cloud-init[953]: Your identification has been saved in /etc/ssh/ssh_host_ed25519_key.
[    6.356047] cloud-init[953]: Your public key has been saved in /etc/ssh/ssh_host_ed25519_key.pub.
[    6.356407] cloud-init[953]: The key fingerprint is:
[    6.356631] cloud-init[953]: SHA256:bzh5J9YpwUKcYqT+DcevD3V6DKAyFPpMCNFO+BWuDM4 root@ubuntu-xenial
[    6.356860] cloud-init[953]: The key's randomart image is:
[    6.357213] cloud-init[953]: +--[ED25519 256]--+
[    6.357441] cloud-init[953]: |o+  o..          |
[    6.357634] cloud-init[953]: |..o+.+ . .       |
[    6.357830] cloud-init[953]: |.+o.= o =        |
[    6.358023] cloud-init[953]: |oooB . = o       |
[    6.358324] cloud-init[953]: | Eo * o S = .    |
[    6.358514] cloud-init[953]: |     + + B B .   |
[    6.358708] cloud-init[953]: |      . * X *    |
[    6.358903] cloud-init[953]: |         B =     |
[    6.359392] cloud-init[953]: |        ...      |
[    6.359593] cloud-init[953]: +----[SHA256]-----+
[[0;32m  OK  [0m] Started /etc/rc.local Compatibility.
[[0;32m  OK  [0m] Started iSCSI initiator daemon (iscsid).
         Starting Login to default iSCSI targets...
[[0;32m  OK  [0m] Started System Logging Service.
[[0;32m  OK  [0m] Started Login Service.
[[0;32m  OK  [0m] Started LSB: Record successful boot for GRUB.
[[0;32m  OK  [0m] Started Unattended Upgrades Shutdown.
[[0;32m  OK  [0m] Started LSB: MD monitoring daemon.
[[0;32m  OK  [0m] Started Login to default iSCSI targets.
[[0;32m  OK  [0m] Reached target Remote File Systems (Pre).
[[0;32m  OK  [0m] Reached target Remote File Systems.
         Starting LSB: automatic crash report generation...
         Starting Permit User Sessions...
         Starting LSB: daemon to balance interrupts for SMP systems...
         Starting LSB: Set the CPU Frequency Scaling governor to "ondemand"...
[[0;32m  OK  [0m] Started Permit User Sessions.
         Starting Terminate Plymouth Boot Screen...
         Starting Hold until boot process finishes up...
[[0;32m  OK  [0m] Started LXD - container startup/shutdown.
[[0;32m  OK  [0m] Started Virtualbox guest utils.
[[0;32m  OK  [0m] Started Terminate Plymouth Boot Screen.
[[0;32m  OK  [0m] Started Hold until boot process finishes up.
         Starting Authenticate and Authorize Users to Run Privileged Tasks...
[[0;32m  OK  [0m] Started Serial Getty on ttyS0.
[[0;32m  OK  [0m] Started Getty on tty1.
[[0;32m  OK  [0m] Reached target Login Prompts.
         Starting Set console scheme...
[[0;32m  OK  [0m] Started LSB: automatic crash report generation.
[[0;32m  OK  [0m] Started LSB: daemon to balance interrupts for SMP systems.
[[0;32m  OK  [0m] Started LSB: Set the CPU Frequency Scaling governor to "ondemand".
[[0;32m  OK  [0m] Started Set console scheme.
[[0;32m  OK  [0m] Started Authenticate and Authorize Users to Run Privileged Tasks.
[[0;32m  OK  [0m] Started Accounts Service.
[[0;32m  OK  [0m] Started Pollinate to seed the pseudo random number generator.
[[0;32m  OK  [0m] Started Snappy daemon.
         Starting Wait until snapd is fully seeded...
         Starting OpenBSD Secure Shell server...
[[0;32m  OK  [0m] Started OpenBSD Secure Shell server.
[[0;32m  OK  [0m] Started Wait until snapd is fully seeded.
         Starting Apply the settings specified in cloud-config...
[[0;32m  OK  [0m] Reached target Multi-User System.
[[0;32m  OK  [0m] Reached target Graphical Interface.
         Starting Update UTMP about System Runlevel Changes...
[[0;32m  OK  [0m] Started Update UTMP about System Runlevel Changes.
[    7.581832] cloud-init[1309]: Generating locales (this might take a while)...
[    8.123990] cloud-init[1309]:   en_US.UTF-8... done
[    8.132550] cloud-init[1309]: Generation complete.
[    8.325673] cloud-init[1309]: Cloud-init v. 19.2-36-g059d049c-0ubuntu2~16.04.1 running 'modules:config' at Tue, 21 Jan 2020 09:16:48 +0000. Up 7.51 seconds.
[[0;32m  OK  [0m] Started Apply the settings specified in cloud-config.
         Starting Execute cloud user/final scripts...
ci-info: no authorized ssh keys fingerprints found for user ubuntu.
<14>Jan 21 09:16:49 ec2: 
<14>Jan 21 09:16:49 ec2: #############################################################
<14>Jan 21 09:16:49 ec2: -----BEGIN SSH HOST KEY FINGERPRINTS-----
<14>Jan 21 09:16:49 ec2: 1024 SHA256:m4M25rIGCrUSEtVE0IyiPdv6YXXKDEgAFsfxNG9zZCA root@ubuntu-xenial (DSA)
<14>Jan 21 09:16:49 ec2: 256 SHA256:uNNGtcQq8W5Oes1IsjZnpZqWb1JRmmz7woPUG9lte3s root@ubuntu-xenial (ECDSA)
<14>Jan 21 09:16:49 ec2: 256 SHA256:bzh5J9YpwUKcYqT+DcevD3V6DKAyFPpMCNFO+BWuDM4 root@ubuntu-xenial (ED25519)
<14>Jan 21 09:16:49 ec2: 2048 SHA256:0sv9mXkuHBzcfKEbqK5wtcfbiEk/l2dIOZhOT3WltSg root@ubuntu-xenial (RSA)
<14>Jan 21 09:16:49 ec2: -----END SSH HOST KEY FINGERPRINTS-----
<14>Jan 21 09:16:49 ec2: #############################################################
-----BEGIN SSH HOST KEY KEYS-----
ecdsa-sha2-nistp256 AAAAE2VjZHNhLXNoYTItbmlzdHAyNTYAAAAIbmlzdHAyNTYAAABBBD3FBpad47i3AcruACK15Q7WnZBTSsq+aSixhebuRLOYwkiAo3heQlL+J12d+rm47r23oCqslWxj1PpNaIBrpRU= root@ubuntu-xenial
ssh-ed25519 AAAAC3NzaC1lZDI1NTE5AAAAIFEQmigsezFj1nE6FAmD7Fa0WbL5SwwvTGqlPfJm9Ukf root@ubuntu-xenial
ssh-rsa AAAAB3NzaC1yc2EAAAADAQABAAABAQCxpVZ5MNxo7/6AwQBZMyPYIgXX7h/nCBxoJUzQPdRIEowLBQYyKX4UQFj6qUwf3XNKGbPhY6R+9Z28b7qPYdRVLWq7BFPi+xGt4Lwg1D51X23mxVZhyCnVEUtdwcXqLzloS4BUHzIjD0Nmjbe/AMYvguyvkYIS35BvSBWWmk9gKHTWgOeeNfrcRpVt/mYUo84/ZmeJfI+r0ZUFVwVbsENlo/ezvIzT7rYdoCmnAJBrH/vpANKRAdvpFA28KrGh3FI/XQ+SpZQ0r6NRKKa3xI5LmW3p1ck5MG8UsS7hPM/VM/uz4nYpkUOVsddE6tj/Ej69XVE4bhLYNNdCe603Ud47 root@ubuntu-xenial
-----END SSH HOST KEY KEYS-----
[    8.640791] cloud-init[1351]: Cloud-init v. 19.2-36-g059d049c-0ubuntu2~16.04.1 running 'modules:final' at Tue, 21 Jan 2020 09:16:49 +0000. Up 8.54 seconds.
[    8.642071] cloud-init[1351]: ci-info: no authorized ssh keys fingerprints found for user ubuntu.
[    8.649248] cloud-init[1351]: Cloud-init v. 19.2-36-g059d049c-0ubuntu2~16.04.1 finished at Tue, 21 Jan 2020 09:16:49 +0000. Datasource DataSourceNoCloud [seed=/dev/sdb][dsmode=net].  Up 8.63 seconds
[[0;32m  OK  [0m] Started Execute cloud user/final scripts.
[[0;32m  OK  [0m] Reached target Cloud-init target.

Ubuntu 16.04.6 LTS ubuntu-xenial ttyS0

ubuntu-xenial login: 