[    0.000000] Linux version 4.15.0-74-generic (buildd@lcy01-amd64-022) (gcc version 7.4.0 (Ubuntu 7.4.0-1ubuntu1~18.04.1)) #84-Ubuntu SMP Thu Dec 19 08:06:28 UTC 2019 (Ubuntu 4.15.0-74.84-generic 4.15.18)
[    0.000000] Command line: BOOT_IMAGE=/boot/vmlinuz-4.15.0-74-generic root=LABEL=cloudimg-rootfs ro console=tty1 console=ttyS0
[    0.000000] KERNEL supported cpus:
[    0.000000]   Intel GenuineIntel
[    0.000000]   AMD AuthenticAMD
[    0.000000]   Centaur CentaurHauls
[    0.000000] x86/fpu: Supporting XSAVE feature 0x001: 'x87 floating point registers'
[    0.000000] x86/fpu: Supporting XSAVE feature 0x002: 'SSE registers'
[    0.000000] x86/fpu: Supporting XSAVE feature 0x004: 'AVX registers'
[    0.000000] x86/fpu: xstate_offset[2]:  576, xstate_sizes[2]:  256
[    0.000000] x86/fpu: Enabled xstate features 0x7, context size is 832 bytes, using 'standard' format.
[    0.000000] e820: BIOS-provided physical RAM map:
[    0.000000] BIOS-e820: [mem 0x0000000000000000-0x000000000009fbff] usable
[    0.000000] BIOS-e820: [mem 0x000000000009fc00-0x000000000009ffff] reserved
[    0.000000] BIOS-e820: [mem 0x00000000000f0000-0x00000000000fffff] reserved
[    0.000000] BIOS-e820: [mem 0x0000000000100000-0x000000003ffeffff] usable
[    0.000000] BIOS-e820: [mem 0x000000003fff0000-0x000000003fffffff] ACPI data
[    0.000000] BIOS-e820: [mem 0x00000000fec00000-0x00000000fec00fff] reserved
[    0.000000] BIOS-e820: [mem 0x00000000fee00000-0x00000000fee00fff] reserved
[    0.000000] BIOS-e820: [mem 0x00000000fffc0000-0x00000000ffffffff] reserved
[    0.000000] NX (Execute Disable) protection: active
[    0.000000] SMBIOS 2.5 present.
[    0.000000] DMI: innotek GmbH VirtualBox/VirtualBox, BIOS VirtualBox 12/01/2006
[    0.000000] Hypervisor detected: KVM
[    0.000000] e820: last_pfn = 0x3fff0 max_arch_pfn = 0x400000000
[    0.000000] MTRR: Disabled
[    0.000000] x86/PAT: MTRRs disabled, skipping PAT initialization too.
[    0.000000] CPU MTRRs all blank - virtualized system.
[    0.000000] x86/PAT: Configuration [0-7]: WB  WT  UC- UC  WB  WT  UC- UC  
[    0.000000] found SMP MP-table at [mem 0x0009fff0-0x0009ffff]
[    0.000000] Scanning 1 areas for low memory corruption
[    0.000000] RAMDISK: [mem 0x35a6f000-0x36d2efff]
[    0.000000] ACPI: Early table checksum verification disabled
[    0.000000] ACPI: RSDP 0x00000000000E0000 000024 (v02 VBOX  )
[    0.000000] ACPI: XSDT 0x000000003FFF0030 00003C (v01 VBOX   VBOXXSDT 00000001 ASL  00000061)
[    0.000000] ACPI: FACP 0x000000003FFF00F0 0000F4 (v04 VBOX   VBOXFACP 00000001 ASL  00000061)
[    0.000000] ACPI: DSDT 0x000000003FFF0470 0022EA (v02 VBOX   VBOXBIOS 00000002 INTL 20100528)
[    0.000000] ACPI: FACS 0x000000003FFF0200 000040
[    0.000000] ACPI: FACS 0x000000003FFF0200 000040
[    0.000000] ACPI: APIC 0x000000003FFF0240 00005C (v02 VBOX   VBOXAPIC 00000001 ASL  00000061)
[    0.000000] ACPI: SSDT 0x000000003FFF02A0 0001CC (v01 VBOX   VBOXCPUT 00000002 INTL 20100528)
[    0.000000] No NUMA configuration found
[    0.000000] Faking a node at [mem 0x0000000000000000-0x000000003ffeffff]
[    0.000000] NODE_DATA(0) allocated [mem 0x3ffc5000-0x3ffeffff]
[    0.000000] kvm-clock: cpu 0, msr 0:3ff44001, primary cpu clock
[    0.000000] kvm-clock: Using msrs 4b564d01 and 4b564d00
[    0.000000] kvm-clock: using sched offset of 3431149775 cycles
[    0.000000] clocksource: kvm-clock: mask: 0xffffffffffffffff max_cycles: 0x1cd42e4dffb, max_idle_ns: 881590591483 ns
[    0.000000] Zone ranges:
[    0.000000]   DMA      [mem 0x0000000000001000-0x0000000000ffffff]
[    0.000000]   DMA32    [mem 0x0000000001000000-0x000000003ffeffff]
[    0.000000]   Normal   empty
[    0.000000]   Device   empty
[    0.000000] Movable zone start for each node
[    0.000000] Early memory node ranges
[    0.000000]   node   0: [mem 0x0000000000001000-0x000000000009efff]
[    0.000000]   node   0: [mem 0x0000000000100000-0x000000003ffeffff]
[    0.000000] Reserved but unavailable: 98 pages
[    0.000000] Initmem setup node 0 [mem 0x0000000000001000-0x000000003ffeffff]
[    0.000000] ACPI: PM-Timer IO Port: 0x4008
[    0.000000] IOAPIC[0]: apic_id 2, version 32, address 0xfec00000, GSI 0-23
[    0.000000] ACPI: INT_SRC_OVR (bus 0 bus_irq 0 global_irq 2 dfl dfl)
[    0.000000] ACPI: INT_SRC_OVR (bus 0 bus_irq 9 global_irq 9 low level)
[    0.000000] Using ACPI (MADT) for SMP configuration information
[    0.000000] smpboot: Allowing 2 CPUs, 0 hotplug CPUs
[    0.000000] PM: Registered nosave memory: [mem 0x00000000-0x00000fff]
[    0.000000] PM: Registered nosave memory: [mem 0x0009f000-0x0009ffff]
[    0.000000] PM: Registered nosave memory: [mem 0x000a0000-0x000effff]
[    0.000000] PM: Registered nosave memory: [mem 0x000f0000-0x000fffff]
[    0.000000] e820: [mem 0x40000000-0xfebfffff] available for PCI devices
[    0.000000] Booting paravirtualized kernel on KVM
[    0.000000] clocksource: refined-jiffies: mask: 0xffffffff max_cycles: 0xffffffff, max_idle_ns: 7645519600211568 ns
[    0.000000] random: get_random_bytes called from start_kernel+0x99/0x4fd with crng_init=0
[    0.000000] setup_percpu: NR_CPUS:8192 nr_cpumask_bits:2 nr_cpu_ids:2 nr_node_ids:1
[    0.000000] percpu: Embedded 45 pages/cpu s147456 r8192 d28672 u1048576
[    0.000000] PV qspinlock hash table entries: 256 (order: 0, 4096 bytes)
[    0.000000] Built 1 zonelists, mobility grouping on.  Total pages: 257913
[    0.000000] Policy zone: DMA32
[    0.000000] Kernel command line: BOOT_IMAGE=/boot/vmlinuz-4.15.0-74-generic root=LABEL=cloudimg-rootfs ro console=tty1 console=ttyS0
[    0.000000] Memory: 983080K/1048120K available (12300K kernel code, 2481K rwdata, 4260K rodata, 2428K init, 2704K bss, 65040K reserved, 0K cma-reserved)
[    0.000000] SLUB: HWalign=64, Order=0-3, MinObjects=0, CPUs=2, Nodes=1
[    0.000000] ftrace: allocating 39322 entries in 154 pages
[    0.004000] Hierarchical RCU implementation.
[    0.004000] 	RCU restricting CPUs from NR_CPUS=8192 to nr_cpu_ids=2.
[    0.004000] 	Tasks RCU enabled.
[    0.004000] RCU: Adjusting geometry for rcu_fanout_leaf=16, nr_cpu_ids=2
[    0.004000] NR_IRQS: 524544, nr_irqs: 440, preallocated irqs: 16
[    0.004000] Console: colour VGA+ 80x25
[    0.004000] console [tty1] enabled
[    0.004000] console [ttyS0] enabled
[    0.004000] ACPI: Core revision 20170831
[    0.004000] ACPI: 2 ACPI AML tables successfully acquired and loaded
[    0.004000] APIC: Switch to symmetric I/O mode setup
[    0.004000] x2apic enabled
[    0.004000] Switched APIC routing to physical x2apic.
[    0.004000] ..TIMER: vector=0x30 apic1=0 pin1=2 apic2=-1 pin2=-1
[    0.004000] tsc: Detected 1992.001 MHz processor
[    0.004007] Calibrating delay loop (skipped) preset value.. 3984.00 BogoMIPS (lpj=7968004)
[    0.005067] pid_max: default: 32768 minimum: 301
[    0.005791] Security Framework initialized
[    0.006328] Yama: becoming mindful.
[    0.006805] AppArmor: AppArmor initialized
[    0.008000] Dentry cache hash table entries: 131072 (order: 8, 1048576 bytes)
[    0.008041] Inode-cache hash table entries: 65536 (order: 7, 524288 bytes)
[    0.008847] Mount-cache hash table entries: 2048 (order: 2, 16384 bytes)
[    0.012003] Mountpoint-cache hash table entries: 2048 (order: 2, 16384 bytes)
[    0.013119] Last level iTLB entries: 4KB 64, 2MB 8, 4MB 8
[    0.013776] Last level dTLB entries: 4KB 64, 2MB 0, 4MB 0, 1GB 4
[    0.014490] Spectre V1 : Mitigation: usercopy/swapgs barriers and __user pointer sanitization
[    0.016012] unchecked MSR access error: WRMSR to 0x48 (tried to write 0x0000000000000001) at rIP: 0xffffffffa6e6e448 (native_write_msr+0x8/0x30)
[    0.017559] Call Trace:
[    0.017923]  wrmsrl+0x16/0x20
[    0.018333]  check_bugs+0x263/0x992
[    0.018794]  ? delayacct_init+0x52/0x70
[    0.019302]  start_kernel+0x4b8/0x4fd
[    0.020002]  x86_64_start_reservations+0x24/0x26
[    0.020576]  x86_64_start_kernel+0x74/0x77
[    0.021181]  secondary_startup_64+0xa5/0xb0
[    0.021711] Spectre V2 : Mitigation: Enhanced IBRS
[    0.022417] Spectre V2 : Spectre v2 / SpectreRSB mitigation: Filling RSB on context switch
[    0.023451] Speculative Store Bypass: Vulnerable
[    0.024116] Freeing SMP alternatives memory: 36K
[    0.134078] smpboot: CPU0: Intel(R) Core(TM) i7-8565U CPU @ 1.80GHz (family: 0x6, model: 0x8e, stepping: 0xc)
[    0.135225] Performance Events: unsupported p6 CPU model 142 no PMU driver, software events only.
[    0.136000] Hierarchical SRCU implementation.
[    0.136000] NMI watchdog: Perf event create on CPU 0 failed with -2
[    0.136001] NMI watchdog: Perf NMI watchdog permanently disabled
[    0.136762] smp: Bringing up secondary CPUs ...
[    0.137441] x86: Booting SMP configuration:
[    0.138021] .... node  #0, CPUs:      #1
[    0.004000] kvm-clock: cpu 1, msr 0:3ff44041, secondary cpu clock
[    0.140013] smp: Brought up 1 node, 2 CPUs
[    0.140660] smpboot: Max logical packages: 1
[    0.141233] smpboot: Total of 2 processors activated (7968.00 BogoMIPS)
[    0.144039] devtmpfs: initialized
[    0.144477] x86/mm: Memory block size: 128MB
[    0.145093] evm: security.selinux
[    0.145532] evm: security.SMACK64
[    0.146057] evm: security.SMACK64EXEC
[    0.146520] evm: security.SMACK64TRANSMUTE
[    0.147093] evm: security.SMACK64MMAP
[    0.147560] evm: security.apparmor
[    0.148002] evm: security.ima
[    0.148406] evm: security.capability
[    0.149171] clocksource: jiffies: mask: 0xffffffff max_cycles: 0xffffffff, max_idle_ns: 7645041785100000 ns
[    0.149277] futex hash table entries: 512 (order: 3, 32768 bytes)
[    0.152000] pinctrl core: initialized pinctrl subsystem
[    0.152066] RTC time: 11:27:23, date: 01/22/20
[    0.152816] NET: Registered protocol family 16
[    0.153482] audit: initializing netlink subsys (disabled)
[    0.156016] audit: type=2000 audit(1579692448.832:1): state=initialized audit_enabled=0 res=1
[    0.157028] cpuidle: using governor ladder
[    0.157028] cpuidle: using governor menu
[    0.157181] ACPI: bus type PCI registered
[    0.157687] acpiphp: ACPI Hot Plug PCI Controller Driver version: 0.5
[    0.160064] PCI: Using configuration type 1 for base access
[    0.160842] HugeTLB registered 2.00 MiB page size, pre-allocated 0 pages
[    0.160879] ACPI: Added _OSI(Module Device)
[    0.164005] ACPI: Added _OSI(Processor Device)
[    0.164855] ACPI: Added _OSI(3.0 _SCP Extensions)
[    0.165561] ACPI: Added _OSI(Processor Aggregator Device)
[    0.166259] ACPI: Added _OSI(Linux-Dell-Video)
[    0.166818] ACPI: Added _OSI(Linux-Lenovo-NV-HDMI-Audio)
[    0.167575] ACPI: Added _OSI(Linux-HPI-Hybrid-Graphics)
[    0.168184] ACPI: Executed 1 blocks of module-level executable AML code
[    0.171197] ACPI: Interpreter enabled
[    0.172010] ACPI: (supports S0 S5)
[    0.172535] ACPI: Using IOAPIC for interrupt routing
[    0.173306] PCI: Using host bridge windows from ACPI; if necessary, use "pci=nocrs" and report a bug
[    0.174520] ACPI: Enabled 2 GPEs in block 00 to 07
[    0.179414] ACPI: PCI Root Bridge [PCI0] (domain 0000 [bus 00-ff])
[    0.180000] acpi PNP0A03:00: _OSC: OS supports [ASPM ClockPM Segments MSI]
[    0.180397] acpi PNP0A03:00: _OSC: not requesting OS control; OS requires [ExtendedConfig ASPM ClockPM MSI]
[    0.181635] acpi PNP0A03:00: fail to add MMCONFIG information, can't access extended PCI configuration space under this bridge.
[    0.184065] PCI host bridge to bus 0000:00
[    0.184590] pci_bus 0000:00: root bus resource [io  0x0000-0x0cf7 window]
[    0.185411] pci_bus 0000:00: root bus resource [io  0x0d00-0xffff window]
[    0.186321] pci_bus 0000:00: root bus resource [mem 0x000a0000-0x000bffff window]
[    0.187280] pci_bus 0000:00: root bus resource [mem 0x40000000-0xfdffffff window]
[    0.188002] pci_bus 0000:00: root bus resource [bus 00-ff]
[    0.189958] pci 0000:00:01.1: legacy IDE quirk: reg 0x10: [io  0x01f0-0x01f7]
[    0.190820] pci 0000:00:01.1: legacy IDE quirk: reg 0x14: [io  0x03f6]
[    0.191652] pci 0000:00:01.1: legacy IDE quirk: reg 0x18: [io  0x0170-0x0177]
[    0.192002] pci 0000:00:01.1: legacy IDE quirk: reg 0x1c: [io  0x0376]
[    0.205212] pci 0000:00:07.0: quirk: [io  0x4000-0x403f] claimed by PIIX4 ACPI
[    0.206263] pci 0000:00:07.0: quirk: [io  0x4100-0x410f] claimed by PIIX4 SMB
[    0.210709] ACPI: PCI Interrupt Link [LNKA] (IRQs 5 9 10 *11)
[    0.212052] ACPI: PCI Interrupt Link [LNKB] (IRQs 5 9 *10 11)
[    0.212879] ACPI: PCI Interrupt Link [LNKC] (IRQs 5 *9 10 11)
[    0.213838] ACPI: PCI Interrupt Link [LNKD] (IRQs 5 9 10 *11)
[    0.215051] SCSI subsystem initialized
[    0.215729] pci 0000:00:02.0: vgaarb: setting as boot VGA device
[    0.215729] pci 0000:00:02.0: vgaarb: VGA device added: decodes=io+mem,owns=io+mem,locks=none
[    0.216005] pci 0000:00:02.0: vgaarb: bridge control possible
[    0.216899] vgaarb: loaded
[    0.217371] ACPI: bus type USB registered
[    0.217893] usbcore: registered new interface driver usbfs
[    0.220013] usbcore: registered new interface driver hub
[    0.220731] usbcore: registered new device driver usb
[    0.221429] EDAC MC: Ver: 3.0.0
[    0.221429] PCI: Using ACPI for IRQ routing
[    0.221429] NetLabel: Initializing
[    0.224005] NetLabel:  domain hash size = 128
[    0.224693] NetLabel:  protocols = UNLABELED CIPSOv4 CALIPSO
[    0.225378] NetLabel:  unlabeled traffic allowed by default
[    0.226180] clocksource: Switched to clocksource kvm-clock
[    0.238878] VFS: Disk quotas dquot_6.6.0
[    0.239427] VFS: Dquot-cache hash table entries: 512 (order 0, 4096 bytes)
[    0.240537] AppArmor: AppArmor Filesystem Enabled
[    0.241152] pnp: PnP ACPI init
[    0.242311] pnp: PnP ACPI: found 3 devices
[    0.251958] clocksource: acpi_pm: mask: 0xffffff max_cycles: 0xffffff, max_idle_ns: 2085701024 ns
[    0.253233] NET: Registered protocol family 2
[    0.253909] TCP established hash table entries: 8192 (order: 4, 65536 bytes)
[    0.254913] TCP bind hash table entries: 8192 (order: 5, 131072 bytes)
[    0.257140] TCP: Hash tables configured (established 8192 bind 8192)
[    0.258700] UDP hash table entries: 512 (order: 2, 16384 bytes)
[    0.259448] UDP-Lite hash table entries: 512 (order: 2, 16384 bytes)
[    0.260235] NET: Registered protocol family 1
[    0.260810] pci 0000:00:00.0: Limiting direct PCI/PCI transfers
[    0.261601] pci 0000:00:01.0: Activating ISA DMA hang workarounds
[    0.262427] pci 0000:00:02.0: Video device with shadowed ROM at [mem 0x000c0000-0x000dffff]
[    0.263590] Unpacking initramfs...
[    0.524901] Freeing initrd memory: 19200K
[    0.525458] clocksource: tsc: mask: 0xffffffffffffffff max_cycles: 0x396d54029a7, max_idle_ns: 881590429682 ns
[    0.526764] platform rtc_cmos: registered platform RTC device (no PNP device found)
[    0.527704] Scanning for low memory corruption every 60 seconds
[    0.528995] Initialise system trusted keyrings
[    0.529554] Key type blacklist registered
[    0.530099] workingset: timestamp_bits=36 max_order=18 bucket_order=0
[    0.531697] zbud: loaded
[    0.532353] squashfs: version 4.0 (2009/01/31) Phillip Lougher
[    0.533225] fuse init (API version 7.26)
[    0.535638] Key type asymmetric registered
[    0.536261] Asymmetric key parser 'x509' registered
[    0.536917] Block layer SCSI generic (bsg) driver version 0.4 loaded (major 246)
[    0.537930] io scheduler noop registered
[    0.547335] io scheduler deadline registered
[    0.547872] io scheduler cfq registered (default)
[    0.548840] ACPI: AC Adapter [AC] (on-line)
[    0.549439] input: Power Button as /devices/LNXSYSTM:00/LNXPWRBN:00/input/input0
[    0.550363] ACPI: Power Button [PWRF]
[    0.551325] input: Sleep Button as /devices/LNXSYSTM:00/LNXSLPBN:00/input/input1
[    0.552256] ACPI: Sleep Button [SLPF]
[    0.553544] ACPI: Battery Slot [BAT0] (battery present)
[    0.554192] Serial: 8250/16550 driver, 32 ports, IRQ sharing enabled
[    0.575407] 00:02: ttyS0 at I/O 0x3f8 (irq = 4, base_baud = 115200) is a 16550A
[    0.579344] Linux agpgart interface v0.103
[    0.580816] loop: module loaded
[    0.581696] scsi host0: ata_piix
[    0.582261] scsi host1: ata_piix
[    0.582758] ata1: PATA max UDMA/33 cmd 0x1f0 ctl 0x3f6 bmdma 0xd000 irq 14
[    0.583761] ata2: PATA max UDMA/33 cmd 0x170 ctl 0x376 bmdma 0xd008 irq 15
[    0.585144] libphy: Fixed MDIO Bus: probed
[    0.585705] tun: Universal TUN/TAP device driver, 1.6
[    0.586390] PPP generic driver version 2.4.2
[    0.587090] ehci_hcd: USB 2.0 'Enhanced' Host Controller (EHCI) Driver
[    0.587905] ehci-pci: EHCI PCI platform driver
[    0.588524] ehci-platform: EHCI generic platform driver
[    0.589181] ohci_hcd: USB 1.1 'Open' Host Controller (OHCI) Driver
[    0.590172] ohci-pci: OHCI PCI platform driver
[    0.590715] ohci-platform: OHCI generic platform driver
[    0.591595] uhci_hcd: USB Universal Host Controller Interface driver
[    0.592625] i8042: PNP: PS/2 Controller [PNP0303:PS2K,PNP0f03:PS2M] at 0x60,0x64 irq 1,12
[    0.593911] serio: i8042 KBD port at 0x60,0x64 irq 1
[    0.594532] serio: i8042 AUX port at 0x60,0x64 irq 12
[    0.595430] mousedev: PS/2 mouse device common for all mice
[    0.596743] input: AT Translated Set 2 keyboard as /devices/platform/i8042/serio0/input/input2
[    0.598151] rtc_cmos rtc_cmos: rtc core: registered rtc_cmos as rtc0
[    0.598881] rtc_cmos rtc_cmos: alarms up to one day, 114 bytes nvram
[    0.599618] i2c /dev entries driver
[    0.600113] device-mapper: uevent: version 1.0.3
[    0.600765] device-mapper: ioctl: 4.37.0-ioctl (2017-09-20) initialised: dm-devel@redhat.com
[    0.601873] ledtrig-cpu: registered to indicate activity on CPUs
[    0.602970] NET: Registered protocol family 10
[    0.605935] Segment Routing with IPv6
[    0.606395] NET: Registered protocol family 17
[    0.607075] Key type dns_resolver registered
[    0.607874] mce: Using 0 MCE banks
[    0.608424] RAS: Correctable Errors collector initialized.
[    0.609137] sched_clock: Marking stable (608412595, 0)->(742742316, -134329721)
[    0.610454] registered taskstats version 1
[    0.611081] Loading compiled-in X.509 certificates
[    0.613110] Loaded X.509 cert 'Build time autogenerated kernel key: 62d24f9c726e026b112735485dad6e6e4b50c923'
[    0.614253] zswap: loaded using pool lzo/zbud
[    0.616834] Key type big_key registered
[    0.617262] Key type trusted registered
[    0.618810] Key type encrypted registered
[    0.619299] AppArmor: AppArmor sha1 policy hashing enabled
[    0.620036] ima: No TPM chip found, activating TPM-bypass! (rc=-19)
[    0.620881] ima: Allocated hash algorithm: sha1
[    0.621453] evm: HMAC attrs: 0x1
[    0.621972]   Magic number: 4:713:479
[    0.622561] rtc_cmos rtc_cmos: setting system clock to 2020-01-22 11:27:24 UTC (1579692444)
[    0.623629] BIOS EDD facility v0.16 2004-Jun-25, 0 devices found
[    0.624514] EDD information not available.
[    0.746763] Freeing unused kernel image memory: 2428K
[    0.777011] Write protecting the kernel read-only data: 20480k
[    0.778467] Freeing unused kernel image memory: 2008K
[    0.779335] Freeing unused kernel image memory: 1884K
[    0.785886] x86/mm: Checked W+X mappings: passed, no W+X pages found.
Loading, please wait...
starting version 237
[    0.831738] e1000: Intel(R) PRO/1000 Network Driver - version 7.3.21-k8-NAPI
[    0.832803] e1000: Copyright (c) 1999-2006 Intel Corporation.
[    0.837992] Fusion MPT base driver 3.04.20
[    0.838605] Copyright (c) 1999-2008 LSI Corporation
[    0.845801] AVX2 version of gcm_enc/dec engaged.
[    0.846555] AES CTR mode by8 optimization enabled
[    0.849045] Fusion MPT SPI Host driver 3.04.20
[    1.051079] input: ImExPS/2 Generic Explorer Mouse as /devices/platform/i8042/serio1/input/input4
[    1.199800] e1000 0000:00:03.0 eth0: (PCI:33MHz:32-bit) 02:22:e7:1f:39:14
[    1.200653] e1000 0000:00:03.0 eth0: Intel(R) PRO/1000 Network Connection
[    1.202260] mptbase: ioc0: Initiating bringup
[    1.202365] e1000 0000:00:03.0 enp0s3: renamed from eth0
[    1.409911] ioc0: LSI53C1030 A0: Capabilities={Initiator}
[    2.354192] scsi host2: ioc0: LSI53C1030 A0, FwRev=00000000h, Ports=1, MaxQ=256, IRQ=20
[    2.807829] scsi 2:0:0:0: Direct-Access     VBOX     HARDDISK         1.0  PQ: 0 ANSI: 5
[    2.880019] scsi target2:0:0: Beginning Domain Validation
[    2.883901] scsi target2:0:0: Domain Validation skipping write tests
[    2.884767] scsi target2:0:0: Ending Domain Validation
[    2.885487] scsi target2:0:0: asynchronous
[    2.886200] scsi 2:0:1:0: Direct-Access     VBOX     HARDDISK         1.0  PQ: 0 ANSI: 5
[    3.220678] scsi target2:0:1: Beginning Domain Validation
[    3.223493] random: fast init done
[    3.224064] scsi target2:0:1: Domain Validation skipping write tests
[    3.224990] scsi target2:0:1: Ending Domain Validation
[    3.225797] scsi target2:0:1: asynchronous
[    3.230145] random: systemd-udevd: uninitialized urandom read (16 bytes read)
[    3.230161] sd 2:0:0:0: Attached scsi generic sg0 type 0
[    3.231189] random: systemd-udevd: uninitialized urandom read (16 bytes read)
[    3.232171] sd 2:0:1:0: Attached scsi generic sg1 type 0
[    3.232931] random: systemd-udevd: uninitialized urandom read (16 bytes read)
[    3.234162] sd 2:0:0:0: [sda] 20971520 512-byte logical blocks: (10.7 GB/10.0 GiB)
[    3.235946] sd 2:0:0:0: [sda] Write Protect is off
[    3.236905] sd 2:0:0:0: [sda] Incomplete mode parameter data
[    3.236985] sd 2:0:1:0: [sdb] 20480 512-byte logical blocks: (10.5 MB/10.0 MiB)
[    3.237912] sd 2:0:0:0: [sda] Assuming drive cache: write through
[    3.239667] sd 2:0:1:0: [sdb] Write Protect is off
[    3.240856] sd 2:0:1:0: [sdb] Incomplete mode parameter data
[    3.241509]  sda: sda1
[    3.241816] sd 2:0:1:0: [sdb] Assuming drive cache: write through
[    3.243235] sd 2:0:0:0: [sda] Attached SCSI disk
[    3.247689] sd 2:0:1:0: [sdb] Attached SCSI disk
Begin: Loading essential drivers ... [    4.616086] raid6: sse2x1   gen() 14099 MB/s
[    4.664065] raid6: sse2x1   xor()  8458 MB/s
[    4.712072] raid6: sse2x2   gen() 16810 MB/s
[    4.760162] raid6: sse2x2   xor() 11156 MB/s
[    4.808068] raid6: sse2x4   gen() 18669 MB/s
[    4.856802] raid6: sse2x4   xor() 11067 MB/s
[    4.904100] raid6: avx2x1   gen() 26993 MB/s
[    4.952432] raid6: avx2x1   xor() 15302 MB/s
[    5.000254] raid6: avx2x2   gen() 31400 MB/s
[    5.048101] raid6: avx2x2   xor() 19867 MB/s
[    5.096083] raid6: avx2x4   gen() 35548 MB/s
[    5.144066] raid6: avx2x4   xor() 18644 MB/s
[    5.144945] raid6: using algorithm avx2x4 gen() 35548 MB/s
[    5.145839] raid6: .... xor() 18644 MB/s, rmw enabled
[    5.146726] raid6: using avx2x2 recovery algorithm
[    5.148744] xor: automatically using best checksumming function   avx       
[    5.150874] async_tx: api initialized (async)
done.
Begin: Running /scripts/init-premount ... done.
Begin: Mounting root file system ... Begin: Running /scripts/local-top ... done.
Begin: Running /scripts/local-premount ... [    5.195804] Btrfs loaded, crc32c=crc32c-intel
Scanning for Btrfs filesystems
done.
Warning: fsck not present, so skipping root file system
[    5.228725] EXT4-fs (sda1): mounted filesystem with ordered data mode. Opts: (null)
done.
Begin: Running /scripts/local-bottom ... done.
Begin: Running /scripts/init-bottom ... done.
[    5.356669] ip_tables: (C) 2000-2006 Netfilter Core Team
[    5.362718] systemd[1]: systemd 237 running in system mode. (+PAM +AUDIT +SELINUX +IMA +APPARMOR +SMACK +SYSVINIT +UTMP +LIBCRYPTSETUP +GCRYPT +GNUTLS +ACL +XZ +LZ4 +SECCOMP +BLKID +ELFUTILS +KMOD -IDN2 +IDN -PCRE2 default-hierarchy=hybrid)
[    5.365473] systemd[1]: Detected virtualization oracle.
[    5.366341] systemd[1]: Detected architecture x86-64.

Welcome to [1mUbuntu 18.04.3 LTS[0m!

[    5.370691] systemd[1]: Set hostname to <ubuntu>.
[    5.374753] systemd[1]: Initializing machine ID from random generator.
[    5.375668] systemd[1]: Installed transient /etc/machine-id file.
[    5.593617] systemd[1]: Reached target User and Group Name Lookups.
[[0;32m  OK  [0m] Reached target User and Group Name Lookups.
[    5.595191] systemd[1]: Started Forward Password Requests to Wall Directory Watch.
[[0;32m  OK  [0m] Started Forward Password Requests to Wall Directory Watch.
[    5.598762] systemd[1]: Created slice System Slice.
[[0;32m  OK  [0m] Created slice System Slice.
[    5.600271] systemd[1]: Listening on LVM2 metadata daemon socket.
[[0;32m  OK  [0m] Listening on LVM2 metadata daemon socket.
[[0;32m  OK  [0m] Listening on Journal Socket (/dev/log).
[[0;32m  OK  [0m] Listening on Network Service Netlink Socket.
[[0;32m  OK  [0m] Listening on Device-mapper event daemon FIFOs.
[[0;32m  OK  [0m] Listening on /dev/initctl Compatibility Named Pipe.
[[0;32m  OK  [0m] Listening on udev Kernel Socket.
[[0;32m  OK  [0m] Listening on Journal Audit Socket.
[[0;32m  OK  [0m] Listening on Syslog Socket.
[[0;32m  OK  [0m] Created slice system-serial\x2dgetty.slice.
[[0;32m  OK  [0m] Listening on LVM2 poll daemon socket.
[[0;32m  OK  [0m] Created slice User and Session Slice.
[[0;32m  OK  [0m] Listening on udev Control Socket.
[[0;32m  OK  [0m] Reached target Swap.
[[0;32m  OK  [0m] Listening on Journal Socket.
         Starting Journal Service...
         Starting Remount Root and Kernel File Systems...
         Starting Create list of required stâ€¦ce nodes for the current kernel...
         Mounting Kernel Debug File System...
[    5.678902] EXT4-fs (sda1): re-mounted. Opts: (null)
         Starting Load Kernel Modules...
         Mounting POSIX Message Queue File System...
         Starting udev Coldplug all Devices...
         Starting Uncomplicated firewall...
         Mounting Huge Pages File System...
         Starting Set the console keyboard layout...
         Starting Monitoring of LVM2 mirrorsâ€¦ng dmeventd or progress polling...
[[0;32m  OK  [0m] Reached target System Time Synchronized.
[[0;32m  OK  [0m] Reached target Slices.
[[0;32m  OK  [0m] Set up automount Arbitrary Executabâ€¦rmats File System Automount Point.
[[0;32m  OK  [0m] Started Journal Service.
[[0;32m  OK  [0m] Started Remount Root and Kernel File Systems.
[[0;32m  OK  [0m] Started Create list of required staâ€¦vice nodes for the current kernel.
[    5.756794] Loading iSCSI transport class v2.0-870.
[[0;32m  OK  [0m] Mounted Kernel Debug File System.
[[0;32m  OK  [0m] Mounted POSIX Message Queue File System.
[    5.762495] iscsi: registered transport (tcp)
[[0;32m  OK  [0m] Started Uncomplicated firewall.
[[0;32m  OK  [0m] Mounted Huge Pages File System.
[[0;32m  OK  [0m] Started udev Coldplug all Devices.
[[0;32m  OK  [0m] Started LVM2 metadata daemon.
         Starting Create Static Device Nodes in /dev...
[    5.790733] iscsi: registered transport (iser)
         Starting Load/Save Random Seed...
         Starting Flush Journal to Persistent Storage...
[[0;32m  OK  [0m] Started Load Kernel Modules.
[[0;32m  OK  [0m] Started Monitoring of LVM2 mirrors,â€¦sing dmeventd or progress polling.
[[0;32m  OK  [0m] Started Create Static Device Nodes in /dev.
[[0;32m  OK  [0m] Started Load/Save Random Seed.
[[0;32m  OK  [0m] Started Set the console keyboard layout.
         Starting udev Kernel Device Manager...
[[0;32m  OK  [0m] Reached target Local File Systems (Pre).
[[0;32m  OK  [0m] Reached target Local File Systems.
         Starting Set console font and keymap...
         Starting ebtables ruleset management...
         Starting Tell Plymouth To Write Out Runtime Data...
         Starting Commit a transient machine-id on disk...
         Starting AppArmor initialization...
         Mounting FUSE Control File System...
         Mounting Kernel Configuration File System...
         Starting Apply Kernel Variables...
[[0;32m  OK  [0m] Started udev Kernel Device Manager.
[[0;32m  OK  [0m] Started Set console font and keymap.
[[0;32m  OK  [0m] Mounted FUSE Control File System.
[[0;32m  OK  [0m] Mounted Kernel Configuration File System.
[[0;32m  OK  [0m] Started Tell Plymouth To Write Out Runtime Data.
[[0;32m  OK  [0m] Started Dispatch Password Requests to Console Directory Watch.
[[0;32m  OK  [0m] Reached target Local Encrypted Volumes.
[[0;32m  OK  [0m] Started Apply Kernel Variables.
[[0;32m  OK  [0m] Started Flush Journal to Persistent Storage.
         Starting Create Volatile Files and Directories...
[[0;32m  OK  [0m] Started Commit a transient machine-id on disk.
[[0;32m  OK  [0m] Started Create Volatile Files and Directories.
         Starting Update UTMP about System Boot/Shutdown...
[[0;32m  OK  [0m] Started Update UTMP about System Boot/Shutdown.
[[0;32m  OK  [0m] Found device /dev/ttyS0.
[[0;32m  OK  [0m] Listening on Load/Save RF Kill Switch Status /dev/rfkill Watch.
[[0;32m  OK  [0m] Started ebtables ruleset management.
[[0;32m  OK  [0m] Started AppArmor initialization.
         Starting Initial cloud-init job (pre-networking)...
[    7.470676] cloud-init[538]: Cloud-init v. 19.3-41-gc4735dd3-0ubuntu1~18.04.1 running 'init-local' at Wed, 22 Jan 2020 11:27:31 +0000. Up 7.20 seconds.
[[0;32m  OK  [0m] Started Initial cloud-init job (pre-networking).
[[0;32m  OK  [0m] Reached target Network (Pre).
         Starting Network Service...
[[0;32m  OK  [0m] Started Network Service.
         Starting Wait for Network to be Configured...
         Starting Network Name Resolution...
[[0;32m  OK  [0m] Started Network Name Resolution.
[[0;32m  OK  [0m] Reached target Network.
[[0;32m  OK  [0m] Reached target Host and Network Name Lookups.
[[0;32m  OK  [0m] Started Wait for Network to be Configured.
         Starting Initial cloud-init job (metadata service crawler)...
[    9.819355] cloud-init[655]: Cloud-init v. 19.3-41-gc4735dd3-0ubuntu1~18.04.1 running 'init' at Wed, 22 Jan 2020 11:27:33 +0000. Up 9.71 seconds.
[    9.820761] cloud-init[655]: ci-info: ++++++++++++++++++++++++++++++++++++++Net device info++++++++++++++++++++++++++++++++++++++
[    9.821781] cloud-init[655]: ci-info: +--------+------+----------------------------+---------------+--------+-------------------+
[    9.823062] cloud-init[655]: ci-info: | Device |  Up  |          Address           |      Mask     | Scope  |     Hw-Address    |
[    9.824255] cloud-init[655]: ci-info: +--------+------+----------------------------+---------------+--------+-------------------+
[    9.825286] cloud-init[655]: ci-info: | enp0s3 | True |         10.0.2.15          | 255.255.255.0 | global | 02:22:e7:1f:39:14 |
[    9.826555] cloud-init[655]: ci-info: | enp0s3 | True | fe80::22:e7ff:fe1f:3914/64 |       .       |  link  | 02:22:e7:1f:39:14 |
[    9.827678] cloud-init[655]: ci-info: |   lo   | True |         127.0.0.1          |   255.0.0.0   |  host  |         .         |
[    9.829564] cloud-init[655]: ci-info: |   lo   | True |          ::1/128           |       .       |  host  |         .         |
[    9.830815] cloud-init[655]: ci-info: +--------+------+----------------------------+---------------+--------+-------------------+
[    9.831896] cloud-init[655]: ci-info: ++++++++++++++++++++++++++++Route IPv4 info+++++++++++++++++++++++++++++
[    9.832795] cloud-init[655]: ci-info: +-------+-------------+----------+-----------------+-----------+-------+
[    9.833887] cloud-init[655]: ci-info: | Route | Destination | Gateway  |     Genmask     | Interface | Flags |
[    9.834930] cloud-init[655]: ci-info: +-------+-------------+----------+-----------------+-----------+-------+
[    9.844191] cloud-init[655]: ci-info: |   0   |   0.0.0.0   | 10.0.2.2 |     0.0.0.0     |   enp0s3  |   UG  |
[    9.845313] cloud-init[655]: ci-info: |   1   |   10.0.2.0  | 0.0.0.0  |  255.255.255.0  |   enp0s3  |   U   |
[    9.846200] cloud-init[655]: ci-info: |   2   |   10.0.2.2  | 0.0.0.0  | 255.255.255.255 |   enp0s3  |   UH  |
[    9.847145] cloud-init[655]: ci-info: +-------+-------------+----------+-----------------+-----------+-------+
[    9.848326] cloud-init[655]: ci-info: +++++++++++++++++++Route IPv6 info+++++++++++++++++++
[    9.849246] cloud-init[655]: ci-info: +-------+-------------+---------+-----------+-------+
[    9.850142] cloud-init[655]: ci-info: | Route | Destination | Gateway | Interface | Flags |
[    9.860189] cloud-init[655]: ci-info: +-------+-------------+---------+-----------+-------+
[    9.872383] cloud-init[655]: ci-info: |   1   |  fe80::/64  |    ::   |   enp0s3  |   U   |
[    9.873221] cloud-init[655]: ci-info: |   3   |    local    |    ::   |   enp0s3  |   U   |
[    9.884198] cloud-init[655]: ci-info: |   4   |   ff00::/8  |    ::   |   enp0s3  |   U   |
[    9.885056] cloud-init[655]: ci-info: +-------+-------------+---------+-----------+-------+
[   10.471196] cloud-init[655]: Generating public/private rsa key pair.
[   10.471853] cloud-init[655]: Your identification has been saved in /etc/ssh/ssh_host_rsa_key.
[   10.484255] cloud-init[655]: Your public key has been saved in /etc/ssh/ssh_host_rsa_key.pub.
[   10.496295] cloud-init[655]: The key fingerprint is:
[[0;32m  OK  [0m] Started Initial cloud-init job (metadata service crawler).
[[0;32m  OK  [0m] Reached target System Initialization.
[[0;32m  OK  [0m] Listening on Open-iSCSI iscsid Socket.
[   10.514813] cloud-init[655]: SHA256:M+eRuxBpWrem+D1rhDFlQ52/YMDl5v/rj25GvxElo54 root@ubuntu-bionic
[   10.547614] [[0;32m  OK  [0m] Started ACPI Events Check.
cloud-init[655]: The key's randomart image is:
[[   10.549198] cloud-init[655]: +---[RSA 2048]----+
[   10.549315] cloud-init[655]: |         o.o..   |
[   10.549806] cloud-init[655]: |          *.o    |
[   10.550296] cloud-init[655]: |         o oo.o .|
[   10.550676] cloud-init[655]: |        o. +o..o.|
[   10.551157] cloud-init[655]: |        S+=.o. o |
[   10.551720] cloud-init[655]: |       +.B.= oo .|
[   10.551816] cloud-init[655]: |      . ..= E..o |
[   10.552384] cloud-init[655]: |       . =o.  ooo|
[   10.552875] cloud-init[655]: |      ..o.+o +++*|
[0;32m  OK  [0m[   10.553472] cloud-init[655]: +----[SHA256]-----+
[   10.553690] cloud-init[655]: Generating public/private dsa key pair.
[   10.554306] cloud-init[655]: Your identification has been saved in /etc/ssh/ssh_host_dsa_key.
[   10.554778] cloud-init[655]: Your public key has been saved in /etc/ssh/ssh_host_dsa_key.pub.
[   10.555285] cloud-init[655]: The key fingerprint is:
[   10.555634] cloud-init[655]: SHA256:O4u/pqHddj1pNlGIFkhqk0MYJB0IYPILVYq2D1dfXmg root@ubuntu-bionic
[   10.556266] cloud-init[655]: The key's randomart image is:
[   10.556742] cloud-init[655]: +---[DSA 1024]----+
[   10.557238] cloud-init[655]: |=oo==+....       |
[   10.557581] cloud-init[655]: |o+.oo. o. o      |
[   10.557825] cloud-init[655]: |o.o  .*  E + .   |
[   10.558258] cloud-init[655]: |.......o+ + . .  |
[   10.558618] cloud-init[655]: | o..   .So   .   |
[   10.558972] cloud-init[655]: |  +      .  .    |
[   10.559486] cloud-init[655]: |   .  . o  . o   |
[   10.559848] cloud-init[655]: |     o +oo. B    |
[   10.561489] cloud-init[655]: |    . +==o o o   |
[   10.561578] cloud-init[655]: +----[SHA256]-----+
[   10.562095] cloud-init[655]: Generating public/private ecdsa key pair.
[   10.562460] cloud-init[655]: Your identification has been saved in /etc/ssh/ssh_host_ecdsa_key.
[   10.562948] cloud-init[655]: Your public key has been saved in /etc/ssh/ssh_host_ecdsa_key.pub.
[   10.563441] cloud-init[655]: The key fingerprint is:
[   10.563800] cloud-init[655]: SHA256:ps2Q6UA1zyQj8DyekOBMQq6lTq+qKLZPiBi6XX5i0iM root@ubuntu-bionic
[   10.564448] cloud-init[655]: The key's randomart image is:
[   10.564782] cloud-init[655]: +---[ECDSA 256]---+
[   10.565048] cloud-init[655]: |+o... = .        |
[   10.565412] cloud-init[655]: |*. + o B         |
[   10.565703] cloud-init[655]: | ++ =   o        |
[   10.566096] cloud-init[655]: |.o + o o         |
[   10.566468] cloud-init[655]: |+.  + + S        |
[   10.566722] cloud-init[655]: |*.o  o *         |
[   10.566975] cloud-init[655]: |+o +. o o        |
] Listening on UUID daemon activation socket.[   10.567073] cloud-init[655]: |o+Eo= .          |
[   10.569991] cloud-init[655]: |Xo+=.+           |
[   10.570335] cloud-init[655]: +----[SHA256]-----+
[   10.570692] cloud-init[655]: Generating public/private ed25519 key pair.

[   10.571047] cloud-init[655]: Your identification has been saved in /etc/ssh/ssh_host_ed25519_key.
[   10.572730] cloud-init[655]: Your public key has been saved in /etc/ssh/ssh_host_ed25519_key.pub.
         [   10.584884] cloud-init[655]: The key fingerprint is:
Starting Socket activation for snappy daemon.
[   10.585061] cloud-init[655]: SHA256:WOJg4he9BB0ADfqLbTMvsRKVtyGwFOnO0ypeN/nQCTE root@ubuntu-bionic
[[   10.596227] [0;32m  OK  [0mcloud-init[655]: ] The key's randomart image is:
Reached target Paths.
[   10.596333] cloud-init[655]: +--[ED25519 256]--+
[[   10.624641] [0;32m  OK  [0mcloud-init] [655]: Listening on D-Bus System Message Bus Socket.| .=+oo..         |

[   10.624729] cloud-init[655]: |.+  .o.          |
[   10.626228] cloud-init[655]: |+o..+E+ .        |
[   10.626628] cloud-init[655]: |.++oo=o=         |
[   10.636355] cloud-init[655]: |o.+o.++ S        |
[   10.636409] cloud-init[655]: |.*.+. + .        |
[   10.636487] cloud-init[655]: |..O+ = o         |
         Starting LXD - unix socket.
[   10.636709] cloud-init[655]: |oo++. +          |
[[0;32m  OK  [0m] Started Message of the Day.
[   10.648259] cloud-init[655]: |oo ..  .         |
[   10.649094] cloud-init[655]: +----[SHA256]-----+
[[0;32m  OK  [0m] Started Discard unused blocks once a week.
[[0;32m  OK  [0m] Started Daily apt download activities.
[[0;32m  OK  [0m] Started Daily apt upgrade and clean activities.
[[0;32m  OK  [0m] Listening on ACPID Listen Socket.
[[0;32m  OK  [0m] Started Daily Cleanup of Temporary Directories.
[[0;32m  OK  [0m] Reached target Timers.
[[0;32m  OK  [0m] Reached target Network is Online.
[[0;32m  OK  [0m] Reached target Remote File Systems (Pre).
[[0;32m  OK  [0m] Reached target Remote File Systems.
         Starting Availability of block devices...
[[0;32m  OK  [0m] Reached target Cloud-config availability.
[[0;32m  OK  [0m] Listening on Socket activation for snappy daemon.
[[0;32m  OK  [0m] Listening on LXD - unix socket.
[[0;32m  OK  [0m] Started Availability of block devices.
[[0;32m  OK  [0m] Reached target Sockets.
[[0;32m  OK  [0m] Reached target Basic System.
         Starting System Logging Service...
         Starting Dispatcher daemon for systemd-networkd...
         Starting LXD - container startup/shutdown...
[[0;32m  OK  [0m] Started FUSE filesystem for LXC.
         Starting Virtualbox guest utils...
         Starting Accounts Service...
         Starting Login Service...
         Starting LSB: Record successful boot for GRUB...
         Starting Pollinate to seed the pseudo random number generator...
[[0;32m  OK  [0m] Started Deferred execution scheduler.
[[0;32m  OK  [0m] Started D-Bus System Message Bus.
[[0;32m  OK  [0m] Started Login Service.
[[0;32m  OK  [0m] Started Unattended Upgrades Shutdown.
[[0;32m  OK  [0m] Started Regular background program processing daemon.
         Starting LSB: automatic crash report generation...
         Starting Permit User Sessions...
[[0;32m  OK  [0m] Started irqbalance daemon.
         Starting Snappy daemon...
[[0;32m  OK  [0m] Started System Logging Service.
[[0;32m  OK  [0m] Started Permit User Sessions.
         Starting Authorization Manager...
         Starting Hold until boot process finishes up...
         Starting Terminate Plymouth Boot Screen...
[[0;32m  OK  [0m] Started Hold until boot process finishes up.
[[0;32m  OK  [0m] Started Terminate Plymouth Boot Screen.
         Starting Set console scheme...
[[0;32m  OK  [0m] Started Serial Getty on ttyS0.
[[0;32m  OK  [0m] Started LXD - container startup/shutdown.
[[0;32m  OK  [0m] Started Set console scheme.
[[0;32m  OK  [0m] Started LSB: automatic crash report generation.
[[0;32m  OK  [0m] Created slice system-getty.slice.
[[0;32m  OK  [0m] Started Getty on tty1.
[[0;32m  OK  [0m] Reached target Login Prompts.
[[0;32m  OK  [0m] Started LSB: Record successful boot for GRUB.
[[0;32m  OK  [0m] Started Virtualbox guest utils.
[[0;32m  OK  [0m] Started Authorization Manager.
[[0;32m  OK  [0m] Started Accounts Service.
[[0;32m  OK  [0m] Started Dispatcher daemon for systemd-networkd.
[[0;32m  OK  [0m] Started Pollinate to seed the pseudo random number generator.
         Starting OpenBSD Secure Shell server...
[[0;32m  OK  [0m] Started Snappy daemon.
         Starting Wait until snapd is fully seeded...
[[0;32m  OK  [0m] Started OpenBSD Secure Shell server.
[[0;32m  OK  [0m] Created slice User Slice of vagrant.
         Starting User Manager for UID 1000...
[[0;32m  OK  [0m] Started Session 1 of user vagrant.
[[0;32m  OK  [0m] Started User Manager for UID 1000.
[[0;32m  OK  [0m] Started Wait until snapd is fully seeded.
[[0;32m  OK  [0m] Reached target Multi-User System.
[[0;32m  OK  [0m] Reached target Graphical Interface.
         Starting Update UTMP about System Runlevel Changes...
         Starting Apply the settings specified in cloud-config...
[[0;32m  OK  [0m] Started Update UTMP about System Runlevel Changes.
[   13.750536] cloud-init[1325]: Cloud-init v. 19.3-41-gc4735dd3-0ubuntu1~18.04.1 running 'modules:config' at Wed, 22 Jan 2020 11:27:37 +0000. Up 13.24 seconds.
[[0;32m  OK  [0m] Started Apply the settings specified in cloud-config.
         Starting Execute cloud user/final scripts...
ci-info: no authorized ssh keys fingerprints found for user ubuntu.
<14>Jan 22 11:27:38 ec2: 
<14>Jan 22 11:27:38 ec2: #############################################################
<14>Jan 22 11:27:38 ec2: -----BEGIN SSH HOST KEY FINGERPRINTS-----
<14>Jan 22 11:27:38 ec2: 1024 SHA256:O4u/pqHddj1pNlGIFkhqk0MYJB0IYPILVYq2D1dfXmg root@ubuntu-bionic (DSA)
<14>Jan 22 11:27:38 ec2: 256 SHA256:ps2Q6UA1zyQj8DyekOBMQq6lTq+qKLZPiBi6XX5i0iM root@ubuntu-bionic (ECDSA)
<14>Jan 22 11:27:38 ec2: 256 SHA256:WOJg4he9BB0ADfqLbTMvsRKVtyGwFOnO0ypeN/nQCTE root@ubuntu-bionic (ED25519)
<14>Jan 22 11:27:38 ec2: 2048 SHA256:M+eRuxBpWrem+D1rhDFlQ52/YMDl5v/rj25GvxElo54 root@ubuntu-bionic (RSA)
<14>Jan 22 11:27:38 ec2: -----END SSH HOST KEY FINGERPRINTS-----
<14>Jan 22 11:27:38 ec2: #############################################################
-----BEGIN SSH HOST KEY KEYS-----
ecdsa-sha2-nistp256 AAAAE2VjZHNhLXNoYTItbmlzdHAyNTYAAAAIbmlzdHAyNTYAAABBBA8a1eRb7ut1ZGR0Vxta6We7GiirpC8WlftyhQpeSArW9QMB+W+88/UIurLDbAkKo4I/OxmS8GDRgXsGzCA+TZg= root@ubuntu-bionic
ssh-ed25519 AAAAC3NzaC1lZDI1NTE5AAAAIH48m3K9pxj73+gowYdQj6tR6NzwsY0Gnx8oCIi3P9Dq root@ubuntu-bionic
ssh-rsa AAAAB3NzaC1yc2EAAAADAQABAAABAQC3DiOJ8jQeygwI+1x3uQg1J0mi68uK8R1x+e3oMZcspKlBiIPfJVxMV9Fyw+AGfKaf6hz5gCHb8tmXWpozBmV3u89bvPcpvngPkWJ7Ri3xfmAVvyBUUxu05+3T8UWXpP1npn8aCmxFC7gYUamtJmH2XGzjw5TDLoT04GVH40k/uv5uSecH14La/UJt3hsrsJtNOGuwfs/aownEFBpJy1tzxj6qrUcUWoFPB/XoPvnedzvdQeiHnjjKjlEw+4QSkHlrEvkBjMJd/quP52PY18W4A3lVrdsc3zwJW6QZF5eSMbXWwZdb19sKHdaJogfx32Ax562liCMycpLm4F2SzpMV root@ubuntu-bionic
-----END SSH HOST KEY KEYS-----
[   14.252443] cloud-init[1436]: Cloud-init v. 19.3-41-gc4735dd3-0ubuntu1~18.04.1 running 'modules:final' at Wed, 22 Jan 2020 11:27:38 +0000. Up 14.13 seconds.
[   14.264596] cloud-init[1436]: ci-info: no authorized ssh keys fingerprints found for user ubuntu.
[   14.276221] cloud-init[1436]: Cloud-init v. 19.3-41-gc4735dd3-0ubuntu1~18.04.1 finished at Wed, 22 Jan 2020 11:27:38 +0000. Datasource DataSourceNoCloud [seed=/dev/sdb][dsmode=net].  Up 14.24 seconds
[[0;32m  OK  [0m] Started Execute cloud user/final scripts.
[[0;32m  OK  [0m] Reached target Cloud-init target.

Ubuntu 18.04.3 LTS ubuntu-bionic ttyS0

ubuntu-bionic login: 