[    0.000000] Linux version 4.15.0-74-generic (buildd@lcy01-amd64-022) (gcc version 7.4.0 (Ubuntu 7.4.0-1ubuntu1~18.04.1)) #84-Ubuntu SMP Thu Dec 19 08:06:28 UTC 2019 (Ubuntu 4.15.0-74.84-generic 4.15.18)
[    0.000000] Command line: BOOT_IMAGE=/boot/vmlinuz-4.15.0-74-generic root=LABEL=cloudimg-rootfs ro console=tty1 console=ttyS0
[    0.000000] KERNEL supported cpus:
[    0.000000]   Intel GenuineIntel
[    0.000000]   AMD AuthenticAMD
[    0.000000]   Centaur CentaurHauls
[    0.000000] x86/fpu: Supporting XSAVE feature 0x001: 'x87 floating point registers'
[    0.000000] x86/fpu: Supporting XSAVE feature 0x002: 'SSE registers'
[    0.000000] x86/fpu: Supporting XSAVE feature 0x004: 'AVX registers'
[    0.000000] x86/fpu: xstate_offset[2]:  576, xstate_sizes[2]:  256
[    0.000000] x86/fpu: Enabled xstate features 0x7, context size is 832 bytes, using 'standard' format.
[    0.000000] e820: BIOS-provided physical RAM map:
[    0.000000] BIOS-e820: [mem 0x0000000000000000-0x000000000009fbff] usable
[    0.000000] BIOS-e820: [mem 0x000000000009fc00-0x000000000009ffff] reserved
[    0.000000] BIOS-e820: [mem 0x00000000000f0000-0x00000000000fffff] reserved
[    0.000000] BIOS-e820: [mem 0x0000000000100000-0x000000003ffeffff] usable
[    0.000000] BIOS-e820: [mem 0x000000003fff0000-0x000000003fffffff] ACPI data
[    0.000000] BIOS-e820: [mem 0x00000000fec00000-0x00000000fec00fff] reserved
[    0.000000] BIOS-e820: [mem 0x00000000fee00000-0x00000000fee00fff] reserved
[    0.000000] BIOS-e820: [mem 0x00000000fffc0000-0x00000000ffffffff] reserved
[    0.000000] NX (Execute Disable) protection: active
[    0.000000] SMBIOS 2.5 present.
[    0.000000] DMI: innotek GmbH VirtualBox/VirtualBox, BIOS VirtualBox 12/01/2006
[    0.000000] Hypervisor detected: KVM
[    0.000000] e820: last_pfn = 0x3fff0 max_arch_pfn = 0x400000000
[    0.000000] MTRR: Disabled
[    0.000000] x86/PAT: MTRRs disabled, skipping PAT initialization too.
[    0.000000] CPU MTRRs all blank - virtualized system.
[    0.000000] x86/PAT: Configuration [0-7]: WB  WT  UC- UC  WB  WT  UC- UC  
[    0.000000] found SMP MP-table at [mem 0x0009fff0-0x0009ffff]
[    0.000000] Scanning 1 areas for low memory corruption
[    0.000000] RAMDISK: [mem 0x35a6f000-0x36d2efff]
[    0.000000] ACPI: Early table checksum verification disabled
[    0.000000] ACPI: RSDP 0x00000000000E0000 000024 (v02 VBOX  )
[    0.000000] ACPI: XSDT 0x000000003FFF0030 00003C (v01 VBOX   VBOXXSDT 00000001 ASL  00000061)
[    0.000000] ACPI: FACP 0x000000003FFF00F0 0000F4 (v04 VBOX   VBOXFACP 00000001 ASL  00000061)
[    0.000000] ACPI: DSDT 0x000000003FFF0470 0022EA (v02 VBOX   VBOXBIOS 00000002 INTL 20100528)
[    0.000000] ACPI: FACS 0x000000003FFF0200 000040
[    0.000000] ACPI: FACS 0x000000003FFF0200 000040
[    0.000000] ACPI: APIC 0x000000003FFF0240 00005C (v02 VBOX   VBOXAPIC 00000001 ASL  00000061)
[    0.000000] ACPI: SSDT 0x000000003FFF02A0 0001CC (v01 VBOX   VBOXCPUT 00000002 INTL 20100528)
[    0.000000] No NUMA configuration found
[    0.000000] Faking a node at [mem 0x0000000000000000-0x000000003ffeffff]
[    0.000000] NODE_DATA(0) allocated [mem 0x3ffc5000-0x3ffeffff]
[    0.000000] kvm-clock: cpu 0, msr 0:3ff44001, primary cpu clock
[    0.000000] kvm-clock: Using msrs 4b564d01 and 4b564d00
[    0.000000] kvm-clock: using sched offset of 3685421071 cycles
[    0.000000] clocksource: kvm-clock: mask: 0xffffffffffffffff max_cycles: 0x1cd42e4dffb, max_idle_ns: 881590591483 ns
[    0.000000] Zone ranges:
[    0.000000]   DMA      [mem 0x0000000000001000-0x0000000000ffffff]
[    0.000000]   DMA32    [mem 0x0000000001000000-0x000000003ffeffff]
[    0.000000]   Normal   empty
[    0.000000]   Device   empty
[    0.000000] Movable zone start for each node
[    0.000000] Early memory node ranges
[    0.000000]   node   0: [mem 0x0000000000001000-0x000000000009efff]
[    0.000000]   node   0: [mem 0x0000000000100000-0x000000003ffeffff]
[    0.000000] Reserved but unavailable: 98 pages
[    0.000000] Initmem setup node 0 [mem 0x0000000000001000-0x000000003ffeffff]
[    0.000000] ACPI: PM-Timer IO Port: 0x4008
[    0.000000] IOAPIC[0]: apic_id 2, version 32, address 0xfec00000, GSI 0-23
[    0.000000] ACPI: INT_SRC_OVR (bus 0 bus_irq 0 global_irq 2 dfl dfl)
[    0.000000] ACPI: INT_SRC_OVR (bus 0 bus_irq 9 global_irq 9 low level)
[    0.000000] Using ACPI (MADT) for SMP configuration information
[    0.000000] smpboot: Allowing 2 CPUs, 0 hotplug CPUs
[    0.000000] PM: Registered nosave memory: [mem 0x00000000-0x00000fff]
[    0.000000] PM: Registered nosave memory: [mem 0x0009f000-0x0009ffff]
[    0.000000] PM: Registered nosave memory: [mem 0x000a0000-0x000effff]
[    0.000000] PM: Registered nosave memory: [mem 0x000f0000-0x000fffff]
[    0.000000] e820: [mem 0x40000000-0xfebfffff] available for PCI devices
[    0.000000] Booting paravirtualized kernel on KVM
[    0.000000] clocksource: refined-jiffies: mask: 0xffffffff max_cycles: 0xffffffff, max_idle_ns: 7645519600211568 ns
[    0.000000] random: get_random_bytes called from start_kernel+0x99/0x4fd with crng_init=0
[    0.000000] setup_percpu: NR_CPUS:8192 nr_cpumask_bits:2 nr_cpu_ids:2 nr_node_ids:1
[    0.000000] percpu: Embedded 45 pages/cpu s147456 r8192 d28672 u1048576
[    0.000000] PV qspinlock hash table entries: 256 (order: 0, 4096 bytes)
[    0.000000] Built 1 zonelists, mobility grouping on.  Total pages: 257913
[    0.000000] Policy zone: DMA32
[    0.000000] Kernel command line: BOOT_IMAGE=/boot/vmlinuz-4.15.0-74-generic root=LABEL=cloudimg-rootfs ro console=tty1 console=ttyS0
[    0.000000] Memory: 983080K/1048120K available (12300K kernel code, 2481K rwdata, 4260K rodata, 2428K init, 2704K bss, 65040K reserved, 0K cma-reserved)
[    0.000000] SLUB: HWalign=64, Order=0-3, MinObjects=0, CPUs=2, Nodes=1
[    0.000000] ftrace: allocating 39322 entries in 154 pages
[    0.004000] Hierarchical RCU implementation.
[    0.004000] 	RCU restricting CPUs from NR_CPUS=8192 to nr_cpu_ids=2.
[    0.004000] 	Tasks RCU enabled.
[    0.004000] RCU: Adjusting geometry for rcu_fanout_leaf=16, nr_cpu_ids=2
[    0.004000] NR_IRQS: 524544, nr_irqs: 440, preallocated irqs: 16
[    0.004000] Console: colour VGA+ 80x25
[    0.004000] console [tty1] enabled
[    0.004000] console [ttyS0] enabled
[    0.004000] ACPI: Core revision 20170831
[    0.004000] ACPI: 2 ACPI AML tables successfully acquired and loaded
[    0.004000] APIC: Switch to symmetric I/O mode setup
[    0.004000] x2apic enabled
[    0.004000] Switched APIC routing to physical x2apic.
[    0.004000] ..TIMER: vector=0x30 apic1=0 pin1=2 apic2=-1 pin2=-1
[    0.004000] tsc: Detected 1992.001 MHz processor
[    0.004007] Calibrating delay loop (skipped) preset value.. 3984.00 BogoMIPS (lpj=7968004)
[    0.006247] pid_max: default: 32768 minimum: 301
[    0.006847] Security Framework initialized
[    0.007418] Yama: becoming mindful.
[    0.008018] AppArmor: AppArmor initialized
[    0.009283] Dentry cache hash table entries: 131072 (order: 8, 1048576 bytes)
[    0.010189] Inode-cache hash table entries: 65536 (order: 7, 524288 bytes)
[    0.011031] Mount-cache hash table entries: 2048 (order: 2, 16384 bytes)
[    0.011868] Mountpoint-cache hash table entries: 2048 (order: 2, 16384 bytes)
[    0.012207] Last level iTLB entries: 4KB 64, 2MB 8, 4MB 8
[    0.013078] Last level dTLB entries: 4KB 64, 2MB 0, 4MB 0, 1GB 4
[    0.013831] Spectre V1 : Mitigation: usercopy/swapgs barriers and __user pointer sanitization
[    0.016013] unchecked MSR access error: WRMSR to 0x48 (tried to write 0x0000000000000001) at rIP: 0xffffffff9906e448 (native_write_msr+0x8/0x30)
[    0.017564] Call Trace:
[    0.017998]  wrmsrl+0x16/0x20
[    0.018411]  check_bugs+0x263/0x992
[    0.018915]  ? delayacct_init+0x52/0x70
[    0.020003]  start_kernel+0x4b8/0x4fd
[    0.020749]  x86_64_start_reservations+0x24/0x26
[    0.021448]  x86_64_start_kernel+0x74/0x77
[    0.022366]  secondary_startup_64+0xa5/0xb0
[    0.022900] Spectre V2 : Mitigation: Enhanced IBRS
[    0.023541] Spectre V2 : Spectre v2 / SpectreRSB mitigation: Filling RSB on context switch
[    0.024001] Speculative Store Bypass: Vulnerable
[    0.024800] Freeing SMP alternatives memory: 36K
[    0.135049] smpboot: CPU0: Intel(R) Core(TM) i7-8565U CPU @ 1.80GHz (family: 0x6, model: 0x8e, stepping: 0xc)
[    0.136000] Performance Events: unsupported p6 CPU model 142 no PMU driver, software events only.
[    0.136080] Hierarchical SRCU implementation.
[    0.137536] NMI watchdog: Perf event create on CPU 0 failed with -2
[    0.138778] NMI watchdog: Perf NMI watchdog permanently disabled
[    0.140050] smp: Bringing up secondary CPUs ...
[    0.140836] x86: Booting SMP configuration:
[    0.141474] .... node  #0, CPUs:      #1
[    0.004000] kvm-clock: cpu 1, msr 0:3ff44041, secondary cpu clock
[    0.144018] smp: Brought up 1 node, 2 CPUs
[    0.144514] smpboot: Max logical packages: 1
[    0.145106] smpboot: Total of 2 processors activated (7968.00 BogoMIPS)
[    0.146022] devtmpfs: initialized
[    0.148073] x86/mm: Memory block size: 128MB
[    0.148811] evm: security.selinux
[    0.149266] evm: security.SMACK64
[    0.149726] evm: security.SMACK64EXEC
[    0.150250] evm: security.SMACK64TRANSMUTE
[    0.150796] evm: security.SMACK64MMAP
[    0.151429] evm: security.apparmor
[    0.152017] evm: security.ima
[    0.152422] evm: security.capability
[    0.152895] clocksource: jiffies: mask: 0xffffffff max_cycles: 0xffffffff, max_idle_ns: 7645041785100000 ns
[    0.153295] futex hash table entries: 512 (order: 3, 32768 bytes)
[    0.156000] pinctrl core: initialized pinctrl subsystem
[    0.156096] RTC time: 10:46:22, date: 01/21/20
[    0.156806] NET: Registered protocol family 16
[    0.160056] audit: initializing netlink subsys (disabled)
[    0.160787] audit: type=2000 audit(1579603586.938:1): state=initialized audit_enabled=0 res=1
[    0.160787] cpuidle: using governor ladder
[    0.160787] cpuidle: using governor menu
[    0.161082] ACPI: bus type PCI registered
[    0.164004] acpiphp: ACPI Hot Plug PCI Controller Driver version: 0.5
[    0.164873] PCI: Using configuration type 1 for base access
[    0.165705] HugeTLB registered 2.00 MiB page size, pre-allocated 0 pages
[    0.168084] ACPI: Added _OSI(Module Device)
[    0.168870] ACPI: Added _OSI(Processor Device)
[    0.169538] ACPI: Added _OSI(3.0 _SCP Extensions)
[    0.170144] ACPI: Added _OSI(Processor Aggregator Device)
[    0.170813] ACPI: Added _OSI(Linux-Dell-Video)
[    0.171712] ACPI: Added _OSI(Linux-Lenovo-NV-HDMI-Audio)
[    0.172004] ACPI: Added _OSI(Linux-HPI-Hybrid-Graphics)
[    0.172893] ACPI: Executed 1 blocks of module-level executable AML code
[    0.176770] ACPI: Interpreter enabled
[    0.177373] ACPI: (supports S0 S5)
[    0.177898] ACPI: Using IOAPIC for interrupt routing
[    0.178723] PCI: Using host bridge windows from ACPI; if necessary, use "pci=nocrs" and report a bug
[    0.180115] ACPI: Enabled 2 GPEs in block 00 to 07
[    0.184792] ACPI: PCI Root Bridge [PCI0] (domain 0000 [bus 00-ff])
[    0.185627] acpi PNP0A03:00: _OSC: OS supports [ASPM ClockPM Segments MSI]
[    0.187090] acpi PNP0A03:00: _OSC: not requesting OS control; OS requires [ExtendedConfig ASPM ClockPM MSI]
[    0.188015] acpi PNP0A03:00: fail to add MMCONFIG information, can't access extended PCI configuration space under this bridge.
[    0.189536] PCI host bridge to bus 0000:00
[    0.190049] pci_bus 0000:00: root bus resource [io  0x0000-0x0cf7 window]
[    0.190794] pci_bus 0000:00: root bus resource [io  0x0d00-0xffff window]
[    0.192002] pci_bus 0000:00: root bus resource [mem 0x000a0000-0x000bffff window]
[    0.192924] pci_bus 0000:00: root bus resource [mem 0x40000000-0xfdffffff window]
[    0.193861] pci_bus 0000:00: root bus resource [bus 00-ff]
[    0.196257] pci 0000:00:01.1: legacy IDE quirk: reg 0x10: [io  0x01f0-0x01f7]
[    0.197036] pci 0000:00:01.1: legacy IDE quirk: reg 0x14: [io  0x03f6]
[    0.197717] pci 0000:00:01.1: legacy IDE quirk: reg 0x18: [io  0x0170-0x0177]
[    0.198583] pci 0000:00:01.1: legacy IDE quirk: reg 0x1c: [io  0x0376]
[    0.212350] pci 0000:00:07.0: quirk: [io  0x4000-0x403f] claimed by PIIX4 ACPI
[    0.213350] pci 0000:00:07.0: quirk: [io  0x4100-0x410f] claimed by PIIX4 SMB
[    0.218137] ACPI: PCI Interrupt Link [LNKA] (IRQs 5 9 10 *11)
[    0.219302] ACPI: PCI Interrupt Link [LNKB] (IRQs 5 9 *10 11)
[    0.220058] ACPI: PCI Interrupt Link [LNKC] (IRQs 5 *9 10 11)
[    0.220896] ACPI: PCI Interrupt Link [LNKD] (IRQs 5 9 10 *11)
[    0.221964] SCSI subsystem initialized
[    0.222505] pci 0000:00:02.0: vgaarb: setting as boot VGA device
[    0.222505] pci 0000:00:02.0: vgaarb: VGA device added: decodes=io+mem,owns=io+mem,locks=none
[    0.224007] pci 0000:00:02.0: vgaarb: bridge control possible
[    0.224836] vgaarb: loaded
[    0.225239] ACPI: bus type USB registered
[    0.225850] usbcore: registered new interface driver usbfs
[    0.226538] usbcore: registered new interface driver hub
[    0.227208] usbcore: registered new device driver usb
[    0.228036] EDAC MC: Ver: 3.0.0
[    0.228553] PCI: Using ACPI for IRQ routing
[    0.228972] NetLabel: Initializing
[    0.229407] NetLabel:  domain hash size = 128
[    0.229961] NetLabel:  protocols = UNLABELED CIPSOv4 CALIPSO
[    0.230610] NetLabel:  unlabeled traffic allowed by default
[    0.232176] clocksource: Switched to clocksource kvm-clock
[    0.246454] VFS: Disk quotas dquot_6.6.0
[    0.247176] VFS: Dquot-cache hash table entries: 512 (order 0, 4096 bytes)
[    0.248098] AppArmor: AppArmor Filesystem Enabled
[    0.248794] pnp: PnP ACPI init
[    0.249983] pnp: PnP ACPI: found 3 devices
[    0.259917] clocksource: acpi_pm: mask: 0xffffff max_cycles: 0xffffff, max_idle_ns: 2085701024 ns
[    0.261422] NET: Registered protocol family 2
[    0.262158] TCP established hash table entries: 8192 (order: 4, 65536 bytes)
[    0.263128] TCP bind hash table entries: 8192 (order: 5, 131072 bytes)
[    0.265367] TCP: Hash tables configured (established 8192 bind 8192)
[    0.266879] UDP hash table entries: 512 (order: 2, 16384 bytes)
[    0.267884] UDP-Lite hash table entries: 512 (order: 2, 16384 bytes)
[    0.268937] NET: Registered protocol family 1
[    0.269552] pci 0000:00:00.0: Limiting direct PCI/PCI transfers
[    0.270562] pci 0000:00:01.0: Activating ISA DMA hang workarounds
[    0.271393] pci 0000:00:02.0: Video device with shadowed ROM at [mem 0x000c0000-0x000dffff]
[    0.272625] Unpacking initramfs...
[    0.565218] Freeing initrd memory: 19200K
[    0.566073] clocksource: tsc: mask: 0xffffffffffffffff max_cycles: 0x396d54029a7, max_idle_ns: 881590429682 ns
[    0.567817] platform rtc_cmos: registered platform RTC device (no PNP device found)
[    0.568895] Scanning for low memory corruption every 60 seconds
[    0.570542] Initialise system trusted keyrings
[    0.571199] Key type blacklist registered
[    0.572079] workingset: timestamp_bits=36 max_order=18 bucket_order=0
[    0.573562] zbud: loaded
[    0.574362] squashfs: version 4.0 (2009/01/31) Phillip Lougher
[    0.575594] fuse init (API version 7.26)
[    0.579320] Key type asymmetric registered
[    0.579894] Asymmetric key parser 'x509' registered
[    0.580654] Block layer SCSI generic (bsg) driver version 0.4 loaded (major 246)
[    0.581667] io scheduler noop registered
[    0.582237] io scheduler deadline registered
[    0.582868] io scheduler cfq registered (default)
[    0.583706] ACPI: AC Adapter [AC] (on-line)
[    0.584379] input: Power Button as /devices/LNXSYSTM:00/LNXPWRBN:00/input/input0
[    0.585403] ACPI: Power Button [PWRF]
[    0.586560] input: Sleep Button as /devices/LNXSYSTM:00/LNXSLPBN:00/input/input1
[    0.587452] ACPI: Sleep Button [SLPF]
[    0.588645] ACPI: Battery Slot [BAT0] (battery present)
[    0.589504] Serial: 8250/16550 driver, 32 ports, IRQ sharing enabled
[    0.610858] 00:02: ttyS0 at I/O 0x3f8 (irq = 4, base_baud = 115200) is a 16550A
[    0.614024] Linux agpgart interface v0.103
[    0.615431] loop: module loaded
[    0.616247] scsi host0: ata_piix
[    0.616778] scsi host1: ata_piix
[    0.617248] ata1: PATA max UDMA/33 cmd 0x1f0 ctl 0x3f6 bmdma 0xd000 irq 14
[    0.618108] ata2: PATA max UDMA/33 cmd 0x170 ctl 0x376 bmdma 0xd008 irq 15
[    0.619240] libphy: Fixed MDIO Bus: probed
[    0.620056] tun: Universal TUN/TAP device driver, 1.6
[    0.620869] PPP generic driver version 2.4.2
[    0.621565] ehci_hcd: USB 2.0 'Enhanced' Host Controller (EHCI) Driver
[    0.622368] ehci-pci: EHCI PCI platform driver
[    0.622945] ehci-platform: EHCI generic platform driver
[    0.623656] ohci_hcd: USB 1.1 'Open' Host Controller (OHCI) Driver
[    0.624564] ohci-pci: OHCI PCI platform driver
[    0.625156] ohci-platform: OHCI generic platform driver
[    0.625834] uhci_hcd: USB Universal Host Controller Interface driver
[    0.626650] i8042: PNP: PS/2 Controller [PNP0303:PS2K,PNP0f03:PS2M] at 0x60,0x64 irq 1,12
[    0.628038] serio: i8042 KBD port at 0x60,0x64 irq 1
[    0.628874] serio: i8042 AUX port at 0x60,0x64 irq 12
[    0.629885] mousedev: PS/2 mouse device common for all mice
[    0.631226] input: AT Translated Set 2 keyboard as /devices/platform/i8042/serio0/input/input2
[    0.632088] rtc_cmos rtc_cmos: rtc core: registered rtc_cmos as rtc0
[    0.633238] rtc_cmos rtc_cmos: alarms up to one day, 114 bytes nvram
[    0.633995] i2c /dev entries driver
[    0.634712] device-mapper: uevent: version 1.0.3
[    0.635437] device-mapper: ioctl: 4.37.0-ioctl (2017-09-20) initialised: dm-devel@redhat.com
[    0.636705] ledtrig-cpu: registered to indicate activity on CPUs
[    0.637825] NET: Registered protocol family 10
[    0.640693] Segment Routing with IPv6
[    0.641333] NET: Registered protocol family 17
[    0.641983] Key type dns_resolver registered
[    0.642762] mce: Using 0 MCE banks
[    0.643351] RAS: Correctable Errors collector initialized.
[    0.644092] sched_clock: Marking stable (642713369, 0)->(809235771, -166522402)
[    0.645162] registered taskstats version 1
[    0.645700] Loading compiled-in X.509 certificates
[    0.647716] Loaded X.509 cert 'Build time autogenerated kernel key: 62d24f9c726e026b112735485dad6e6e4b50c923'
[    0.649085] zswap: loaded using pool lzo/zbud
[    0.651781] Key type big_key registered
[    0.652501] Key type trusted registered
[    0.654033] Key type encrypted registered
[    0.654767] AppArmor: AppArmor sha1 policy hashing enabled
[    0.655475] ima: No TPM chip found, activating TPM-bypass! (rc=-19)
[    0.656316] ima: Allocated hash algorithm: sha1
[    0.656991] evm: HMAC attrs: 0x1
[    0.657607]   Magic number: 4:841:780
[    0.658155] rtc_cmos rtc_cmos: setting system clock to 2020-01-21 10:46:22 UTC (1579603582)
[    0.659288] BIOS EDD facility v0.16 2004-Jun-25, 0 devices found
[    0.660005] EDD information not available.
[    0.778866] Freeing unused kernel image memory: 2428K
[    0.792087] Write protecting the kernel read-only data: 20480k
[    0.793526] Freeing unused kernel image memory: 2008K
[    0.794432] Freeing unused kernel image memory: 1884K
[    0.800968] x86/mm: Checked W+X mappings: passed, no W+X pages found.
Loading, please wait...
starting version 237
[    0.855923] Fusion MPT base driver 3.04.20
[    0.856698] Copyright (c) 1999-2008 LSI Corporation
[    0.856869] e1000: Intel(R) PRO/1000 Network Driver - version 7.3.21-k8-NAPI
[    0.858488] e1000: Copyright (c) 1999-2006 Intel Corporation.
[    0.868960] AVX2 version of gcm_enc/dec engaged.
[    0.869677] AES CTR mode by8 optimization enabled
[    0.873052] Fusion MPT SPI Host driver 3.04.20
[    1.070380] input: ImExPS/2 Generic Explorer Mouse as /devices/platform/i8042/serio1/input/input4
[    1.220473] e1000 0000:00:03.0 eth0: (PCI:33MHz:32-bit) 02:22:e7:1f:39:14
[    1.221329] e1000 0000:00:03.0 eth0: Intel(R) PRO/1000 Network Connection
[    1.223006] mptbase: ioc0: Initiating bringup
[    1.224228] e1000 0000:00:03.0 enp0s3: renamed from eth0
[    1.567548] ioc0: LSI53C1030 A0: Capabilities={Initiator}
[    2.179625] scsi host2: ioc0: LSI53C1030 A0, FwRev=00000000h, Ports=1, MaxQ=256, IRQ=20
[    3.108537] scsi 2:0:0:0: Direct-Access     VBOX     HARDDISK         1.0  PQ: 0 ANSI: 5
[    3.165690] scsi target2:0:0: Beginning Domain Validation
[    3.168697] scsi target2:0:0: Domain Validation skipping write tests
[    3.169568] scsi target2:0:0: Ending Domain Validation
[    3.170220] scsi target2:0:0: asynchronous
[    3.171623] scsi 2:0:1:0: Direct-Access     VBOX     HARDDISK         1.0  PQ: 0 ANSI: 5
[    3.629382] scsi target2:0:1: Beginning Domain Validation
[    3.633702] random: fast init done
[    3.634792] scsi target2:0:1: Domain Validation skipping write tests
[    3.635555] scsi target2:0:1: Ending Domain Validation
[    3.636471] scsi target2:0:1: asynchronous
[    3.643355] random: systemd-udevd: uninitialized urandom read (16 bytes read)
[    3.644634] random: systemd-udevd: uninitialized urandom read (16 bytes read)
[    3.645631] random: systemd-udevd: uninitialized urandom read (16 bytes read)
[    3.646816] sd 2:0:0:0: Attached scsi generic sg0 type 0
[    3.647999] sd 2:0:0:0: [sda] 20971520 512-byte logical blocks: (10.7 GB/10.0 GiB)
[    3.649964] sd 2:0:0:0: [sda] Write Protect is off
[    3.650203] sd 2:0:1:0: Attached scsi generic sg1 type 0
[    3.652672] sd 2:0:1:0: [sdb] 20480 512-byte logical blocks: (10.5 MB/10.0 MiB)
[    3.654495] sd 2:0:0:0: [sda] Incomplete mode parameter data
[    3.655526] sd 2:0:0:0: [sda] Assuming drive cache: write through
[    3.656040] sd 2:0:1:0: [sdb] Write Protect is off
[    3.657873] sd 2:0:1:0: [sdb] Incomplete mode parameter data
[    3.659055] sd 2:0:1:0: [sdb] Assuming drive cache: write through
[    3.661010]  sda: sda1
[    3.662357] sd 2:0:0:0: [sda] Attached SCSI disk
[    3.662829] sd 2:0:1:0: [sdb] Attached SCSI disk
Begin: Loading essential drivers ... [    5.104288] raid6: sse2x1   gen() 10960 MB/s
[    5.152093] raid6: sse2x1   xor()  7898 MB/s
[    5.200906] raid6: sse2x2   gen() 10328 MB/s
[    5.248253] raid6: sse2x2   xor()  6361 MB/s
[    5.296130] raid6: sse2x4   gen() 10632 MB/s
[    5.344042] raid6: sse2x4   xor()  8881 MB/s
[    5.392109] raid6: avx2x1   gen() 17998 MB/s
[    5.440007] raid6: avx2x1   xor() 15657 MB/s
[    5.488304] raid6: avx2x2   gen() 24017 MB/s
[    5.540088] raid6: avx2x2   xor() 20076 MB/s
[    5.588074] raid6: avx2x4   gen() 26667 MB/s
[    5.636201] raid6: avx2x4   xor() 18811 MB/s
[    5.636846] raid6: using algorithm avx2x4 gen() 26667 MB/s
[    5.637666] raid6: .... xor() 18811 MB/s, rmw enabled
[    5.638407] raid6: using avx2x2 recovery algorithm
[    5.640182] xor: automatically using best checksumming function   avx       
[    5.642023] async_tx: api initialized (async)
done.
Begin: Running /scripts/init-premount ... done.
Begin: Mounting root file system ... Begin: Running /scripts/local-top ... done.
Begin: Running /scripts/local-premount ... [    5.677938] Btrfs loaded, crc32c=crc32c-intel
Scanning for Btrfs filesystems
done.
Warning: fsck not present, so skipping root file system
[    5.714705] EXT4-fs (sda1): mounted filesystem with ordered data mode. Opts: (null)
done.
Begin: Running /scripts/local-bottom ... done.
Begin: Running /scripts/init-bottom ... done.
[    5.876448] ip_tables: (C) 2000-2006 Netfilter Core Team
[    5.884326] systemd[1]: systemd 237 running in system mode. (+PAM +AUDIT +SELINUX +IMA +APPARMOR +SMACK +SYSVINIT +UTMP +LIBCRYPTSETUP +GCRYPT +GNUTLS +ACL +XZ +LZ4 +SECCOMP +BLKID +ELFUTILS +KMOD -IDN2 +IDN -PCRE2 default-hierarchy=hybrid)
[    5.887639] systemd[1]: Detected virtualization oracle.
[    5.888460] systemd[1]: Detected architecture x86-64.

Welcome to [1mUbuntu 18.04.3 LTS[0m!

[    5.892611] systemd[1]: Set hostname to <ubuntu>.
[    5.897488] systemd[1]: Initializing machine ID from random generator.
[    5.898521] systemd[1]: Installed transient /etc/machine-id file.
[    6.118562] systemd[1]: Reached target Swap.
[[0;32m  OK  [0m] Reached target Swap.
[    6.119913] systemd[1]: Set up automount Arbitrary Executable File Formats File System Automount Point.
[[0;32m  OK  [0m] Set up automount Arbitrary Executabâ€¦rmats File System Automount Point.
[    6.122441] systemd[1]: Started Forward Password Requests to Wall Directory Watch.
[[0;32m  OK  [0m] Started Forward Password Requests to Wall Directory Watch.
[    6.124217] systemd[1]: Reached target User and Group Name Lookups.
[[0;32m  OK  [0m] Reached target User and Group Name Lookups.
[[0;32m  OK  [0m] Reached target System Time Synchronized.
[[0;32m  OK  [0m] Created slice User and Session Slice.
[[0;32m  OK  [0m] Created slice System Slice.
[[0;32m  OK  [0m] Listening on LVM2 poll daemon socket.
[[0;32m  OK  [0m] Listening on Journal Audit Socket.
[[0;32m  OK  [0m] Created slice system-serial\x2dgetty.slice.
[[0;32m  OK  [0m] Listening on LVM2 metadata daemon socket.
[[0;32m  OK  [0m] Listening on Journal Socket.
         Mounting Huge Pages File System...
         Starting Load Kernel Modules...
         Mounting POSIX Message Queue File System...
         Starting Uncomplicated firewall...
[[0;32m  OK  [0m] Listening on Device-mapper event daemon FIFOs.
         Starting Remount Root and Kernel File Systems...
[[0;32m  OK  [0m] Listening on Journal Socket (/dev/log).
[    6.171009] Loading iSCSI transport class v2.0-870.
[    6.175846] iscsi: registered transport (tcp)
         Starting Create list of required stâ€¦ce nodes for the current kernel...
[[0;32m  OK  [0m] Listening on Syslog Socket.
         Starting Journal Service...
[    6.194745] iscsi: registered transport (iser)
[[0;32m  OK  [0m] Listening on udev Control Socket.
         Mounting Kernel Debug File System...
[[0;32m  OK  [0m] Reached target Slices.
[[0;32m  OK  [0m] Listening on /dev/initctl Compatibility Named Pipe.
[[0;32m  OK  [0m] Listening on Network Service Netlink Socket.
[    6.224921] EXT4-fs (sda1): re-mounted. Opts: (null)
         Starting Set the console keyboard layout...
         Starting Monitoring of LVM2 mirrorsâ€¦ng dmeventd or progress polling...
[[0;32m  OK  [0m] Listening on udev Kernel Socket.
         Starting udev Coldplug all Devices...
[[0;32m  OK  [0m] Started Journal Service.
[[0;32m  OK  [0m] Mounted Huge Pages File System.
[[0;32m  OK  [0m] Started Load Kernel Modules.
[[0;32m  OK  [0m] Mounted POSIX Message Queue File System.
[[0;32m  OK  [0m] Started Uncomplicated firewall.
[[0;32m  OK  [0m] Started Remount Root and Kernel File Systems.
[[0;32m  OK  [0m] Started Create list of required staâ€¦vice nodes for the current kernel.
[[0;32m  OK  [0m] Mounted Kernel Debug File System.
         Starting Create Static Device Nodes in /dev...
         Starting Load/Save Random Seed...
         Mounting FUSE Control File System...
         Starting Apply Kernel Variables...
         Mounting Kernel Configuration File System...
         Starting Flush Journal to Persistent Storage...
[[0;32m  OK  [0m] Started udev Coldplug all Devices.
[[0;32m  OK  [0m] Started Create Static Device Nodes in /dev.
[[0;32m  OK  [0m] Started Load/Save Random Seed.
[[0;32m  OK  [0m] Started Set the console keyboard layout.
[[0;32m  OK  [0m] Mounted FUSE Control File System.
[[0;32m  OK  [0m] Started Apply Kernel Variables.
[[0;32m  OK  [0m] Mounted Kernel Configuration File System.
[[0;32m  OK  [0m] Started LVM2 metadata daemon.
         Starting udev Kernel Device Manager...
[[0;32m  OK  [0m] Started Monitoring of LVM2 mirrors,â€¦sing dmeventd or progress polling.
[[0;32m  OK  [0m] Reached target Local File Systems (Pre).
[[0;32m  OK  [0m] Reached target Local File Systems.
         Starting Commit a transient machine-id on disk...
         Starting ebtables ruleset management...
         Starting AppArmor initialization...
         Starting Tell Plymouth To Write Out Runtime Data...
         Starting Set console font and keymap...
[[0;32m  OK  [0m] Started udev Kernel Device Manager.
[[0;32m  OK  [0m] Started Flush Journal to Persistent Storage.
[[0;32m  OK  [0m] Started Tell Plymouth To Write Out Runtime Data.
[[0;32m  OK  [0m] Started Set console font and keymap.
         Starting Create Volatile Files and Directories...
[[0;32m  OK  [0m] Started Dispatch Password Requests to Console Directory Watch.
[[0;32m  OK  [0m] Reached target Local Encrypted Volumes.
[[0;32m  OK  [0m] Started Create Volatile Files and Directories.
[[0;32m  OK  [0m] Started Commit a transient machine-id on disk.
         Starting Update UTMP about System Boot/Shutdown...
[[0;32m  OK  [0m] Started Update UTMP about System Boot/Shutdown.
[[0;32m  OK  [0m] Started ebtables ruleset management.
[[0;32m  OK  [0m] Found device /dev/ttyS0.
[[0;32m  OK  [0m] Listening on Load/Save RF Kill Switch Status /dev/rfkill Watch.
[[0;32m  OK  [0m] Started AppArmor initialization.
         Starting Initial cloud-init job (pre-networking)...
[    8.065381] cloud-init[541]: Cloud-init v. 19.3-41-gc4735dd3-0ubuntu1~18.04.1 running 'init-local' at Tue, 21 Jan 2020 10:46:29 +0000. Up 7.78 seconds.
[[0;32m  OK  [0m] Started Initial cloud-init job (pre-networking).
[[0;32m  OK  [0m] Reached target Network (Pre).
         Starting Network Service...
[[0;32m  OK  [0m] Started Network Service.
         Starting Network Name Resolution...
         Starting Wait for Network to be Configured...
[[0;32m  OK  [0m] Started Network Name Resolution.
[[0;32m  OK  [0m] Reached target Host and Network Name Lookups.
[[0;32m  OK  [0m] Reached target Network.
[[0;32m  OK  [0m] Started Wait for Network to be Configured.
         Starting Initial cloud-init job (metadata service crawler)...
[    9.987917] cloud-init[650]: Cloud-init v. 19.3-41-gc4735dd3-0ubuntu1~18.04.1 running 'init' at Tue, 21 Jan 2020 10:46:31 +0000. Up 9.89 seconds.
[   10.000727] cloud-init[650]: ci-info: ++++++++++++++++++++++++++++++++++++++Net device info++++++++++++++++++++++++++++++++++++++
[   10.012440] cloud-init[650]: ci-info: +--------+------+----------------------------+---------------+--------+-------------------+
[   10.013323] cloud-init[650]: ci-info: | Device |  Up  |          Address           |      Mask     | Scope  |     Hw-Address    |
[   10.014391] cloud-init[650]: ci-info: +--------+------+----------------------------+---------------+--------+-------------------+
[   10.024160] cloud-init[650]: ci-info: | enp0s3 | True |         10.0.2.15          | 255.255.255.0 | global | 02:22:e7:1f:39:14 |
[   10.040242] cloud-init[650]: ci-info: | enp0s3 | True | fe80::22:e7ff:fe1f:3914/64 |       .       |  link  | 02:22:e7:1f:39:14 |
[   10.041365] cloud-init[650]: ci-info: |   lo   | True |         127.0.0.1          |   255.0.0.0   |  host  |         .         |
[   10.052132] cloud-init[650]: ci-info: |   lo   | True |          ::1/128           |       .       |  host  |         .         |
[   10.064281] cloud-init[650]: ci-info: +--------+------+----------------------------+---------------+--------+-------------------+
[   10.065157] cloud-init[650]: ci-info: ++++++++++++++++++++++++++++Route IPv4 info+++++++++++++++++++++++++++++
[   10.080295] cloud-init[650]: ci-info: +-------+-------------+----------+-----------------+-----------+-------+
[   10.082630] cloud-init[650]: ci-info: | Route | Destination | Gateway  |     Genmask     | Interface | Flags |
[   10.084019] cloud-init[650]: ci-info: +-------+-------------+----------+-----------------+-----------+-------+
[   10.085844] cloud-init[650]: ci-info: |   0   |   0.0.0.0   | 10.0.2.2 |     0.0.0.0     |   enp0s3  |   UG  |
[   10.087332] cloud-init[650]: ci-info: |   1   |   10.0.2.0  | 0.0.0.0  |  255.255.255.0  |   enp0s3  |   U   |
[   10.088630] cloud-init[650]: ci-info: |   2   |   10.0.2.2  | 0.0.0.0  | 255.255.255.255 |   enp0s3  |   UH  |
[   10.089957] cloud-init[650]: ci-info: +-------+-------------+----------+-----------------+-----------+-------+
[   10.091402] cloud-init[650]: ci-info: +++++++++++++++++++Route IPv6 info+++++++++++++++++++
[   10.092733] cloud-init[650]: ci-info: +-------+-------------+---------+-----------+-------+
[   10.093872] cloud-init[650]: ci-info: | Route | Destination | Gateway | Interface | Flags |
[   10.094998] cloud-init[650]: ci-info: +-------+-------------+---------+-----------+-------+
[   10.096919] cloud-init[650]: ci-info: |   1   |  fe80::/64  |    ::   |   enp0s3  |   U   |
[   10.098466] cloud-init[650]: ci-info: |   3   |    local    |    ::   |   enp0s3  |   U   |
[   10.099437] cloud-init[650]: ci-info: |   4   |   ff00::/8  |    ::   |   enp0s3  |   U   |
[   10.100325] cloud-init[650]: ci-info: +-------+-------------+---------+-----------+-------+
[   10.595017] cloud-init[650]: Generating public/private rsa key pair.
[   10.595734] cloud-init[650]: Your identification has been saved in /etc/ssh/ssh_host_rsa_key.
[   10.596607] cloud-init[650]: Your public key has been saved in /etc/ssh/ssh_host_rsa_key.pub.
[   10.597475] cloud-init[650]: The key fingerprint is:
[   10.598069] cloud-init[650]: SHA256:qoHq0hFkcsi6hHzgbYS1DHjAM0p8P1bkHIljOOu2suc root@ubuntu-bionic
[   10.599120] cloud-init[650]: The key's randomart image is:
[   10.599835] cloud-init[650]: +---[RSA 2048]----+
[   10.600519] cloud-init[650]: |*+o.. oo.        |
[   10.601147] cloud-init[650]: |+XB=.+oo.        |
[   10.601758] cloud-init[650]: |B*Bo= oo         |
[   10.602371] cloud-init[650]: |++.= +           |
[   10.602993] cloud-init[650]: |..+.. . S        |
[   10.603623] cloud-init[650]: |. .+   .         |
[   10.604335] cloud-init[650]: | .o.o .          |
[   10.604964] cloud-init[650]: |.o.o o           |
[   10.605579] cloud-init[650]: |+o=E.            |
[   10.606203] cloud-init[650]: +----[SHA256]-----+
[   10.606808] cloud-init[650]: Generating public/private dsa key pair.
[   10.607599] cloud-init[650]: Your identification has been saved in /etc/ssh/ssh_host_dsa_key.
[   10.608619] cloud-init[650]: Your public key has been saved in /etc/ssh/ssh_host_dsa_key.pub.
[   10.609617] cloud-init[650]: The key fingerprint is:
[   10.610279] cloud-init[650]: SHA256:NLpOp3wHVjrOnM7em8a72DeDS2TH768WRFufFCgaObY root@ubuntu-bionic
[   10.611283] cloud-init[650]: The key's randomart image is:
[   10.611968] cloud-init[650]: +---[DSA 1024]----+
[   10.612608] cloud-init[650]: |          .   ...|
[   10.613218] cloud-init[650]: |         = . ....|
[   10.613835] cloud-init[650]: |        + = ...oo|
[   10.614445] cloud-init[650]: |       o E..  o..|
[   10.615092] cloud-init[650]: |      . Soo o.   |
[   10.615725] cloud-init[650]: |       .=o . ..  |
[   10.616394] cloud-init[650]: |      o=.=..  .. |
[   10.617026] cloud-init[650]: |     + +*==.+..  |
[   10.617686] cloud-init[650]: |      ++=oO* +oo.|
[   10.618324] cloud-init[650]: +----[SHA256]-----+
[   10.618957] cloud-init[650]: Generating public/private ecdsa key pair.
[   10.619831] cloud-init[650]: Your identification has been saved in /etc/ssh/ssh_host_ecdsa_key.
[   10.620905] cloud-init[650]: Your public key has been saved in /etc/ssh/ssh_host_ecdsa_key.pub.
[   10.621909] cloud-init[650]: The key fingerprint is:
[   10.622582] cloud-init[650]: SHA256:foKqcHxZdlVcDxRNcEgJTVS5gxJqbPU2DaZwu2K4SKg root@ubuntu-bionic
[   10.623593] cloud-init[650]: The key's randomart image is:
[   10.624338] cloud-init[650]: +---[ECDSA 256]---+
[   10.624977] cloud-init[650]: |           .oOXO=|
[   10.625609] cloud-init[650]: |         . =.o+=.|
[   10.626241] cloud-init[650]: |        . * * + o|
[   10.626879] cloud-init[650]: |         * + = + |
[   10.627549] cloud-init[650]: |    . o S   + . .|
[   10.628243] cloud-init[650]: | . . = = o .     |
[   10.628741] cloud-init[650]: |. + + o = o      |
[   10.629396] cloud-init[650]: | E . o . o       |
[   10.630047] cloud-init[650]: |  ...            |
[   10.630686] cloud-init[650]: +----[SHA256]-----+
[   10.631328] cloud-init[650]: Generating public/private ed25519 key pair.
[   10.632182] cloud-init[650]: Your identification has been saved in /etc/ssh/ssh_host_ed25519_key.
[   10.633210] cloud-init[650]: Your public key has been saved in /etc/ssh/ssh_host_ed25519_key.pub.
[   10.634239] cloud-init[650]: The key fingerprint is:
[   10.634892] cloud-init[650]: [[0;32m  OK  [0m] Started Initial cloud-init job (metadata service crawler).
[[0;32m  OK  [0m] Reached target System Initialization.
[[0;32m  OK  [0m] Started Discard unused blocks once a week.
[[0;32m  OK  [0m] Listening on ACPID Listen Socket.
SHA256:Kc40FV2mUqtRAmmjpxD68Kn+NoA+Ekf1dBdjQnznmCY root@ubuntu-bionic
[[0;32m  OK  [0m] Started ACPI Events Check.
[[0;32m  OK  [0m] Started Daily apt download activities.
[[0;32m  OK  [0m] Started Message of the Day.
[[0;32m  OK  [0m] Listening on UUID daemon activation socket.
[[0;32m  OK  [0m] Started Daily Cleanup of Temporary Directories.
[[0;32m  OK  [0m] Reached target Paths.
[   10.643136] cloud-init[650]: The key's randomart image is:
         Starting Socket activation for snappy daemon.
[[0;32m  OK  [0m] Listening on Open-iSCSI iscsid Socket.
[[0;32m  OK  [0m] Started Daily apt upgrade and clean activities.
         Starting LXD - unix socket.
[[0;32m  OK  [0m] Reached target Timers.
[[0;32m  OK  [0m] Listening on D-Bus System Message Bus Socket.
[[0;32m  OK  [0m] Reached target Network is Online.
         Starting Availability of block devices...
[[0;32m  OK  [0m] Reached target Remote File Systems (Pre).
[[0;32m  OK  [0m] Reached target Remote File Systems.
[[0;32m  OK  [0m] Reached target Cloud-config availability.
[[0;32m  OK  [0m] [   10.647222] cloud-init[650]: +--[ED25519 256]--+
[   10.656866] cloud-init[650]: |      .==.*oo    |
[   10.657399] cloud-init[650]: |  . . = oB+=.    |
[   10.657992] cloud-init[650]: | . o = o+oo=     |
[   10.658523] cloud-init[650]: |o o . o.E=+ .    |
[   10.659053] cloud-init[650]: |.= o o+ So       |
[   10.659593] cloud-init[650]: |o.= .+ o         |Listening on Socket activation for snappy daemon.
[[0;32m  OK  [0m] Listening on LXD - unix socket.
[[0;32m  OK  [0m] Reached target Sockets.
[[0;32m  OK  [0m] Reached target Basic System.
[[0;32m  OK  [0m] Started D-Bus System Message Bus.

[   10.664895] cloud-init[650]: |.+.   o          |
[   10.676306] cloud-init[650]: |oo o             |
         Starting Virtualbox guest utils...
[   10.693331] cloud-init[650]: |o.+..            |
[   10.720230] cloud-init[650]: +----[SHA256]-----+
         Starting LSB: Record successful boot for GRUB...
         Starting Pollinate to seed the pseudo random number generator...
         Starting Dispatcher daemon for systemd-networkd...
         Starting Snappy daemon...
         Starting Login Service...
[[0;32m  OK  [0m] Started Regular background program processing daemon.
         Starting LSB: automatic crash report generation...
         Starting System Logging Service...
         Starting LXD - container startup/shutdown...
[[0;32m  OK  [0m] Started Deferred execution scheduler.
         Starting Permit User Sessions...
         Starting Accounts Service...
[[0;32m  OK  [0m] Started FUSE filesystem for LXC.
[[0;32m  OK  [0m] Started irqbalance daemon.
[[0;32m  OK  [0m] Started Availability of block devices.
[[0;32m  OK  [0m] Started Permit User Sessions.
[[0;32m  OK  [0m] Started Login Service.
         Starting Authorization Manager...
[[0;32m  OK  [0m] Started Unattended Upgrades Shutdown.
         Starting Hold until boot process finishes up...
         Starting Terminate Plymouth Boot Screen...
[[0;32m  OK  [0m] Started System Logging Service.
[[0;32m  OK  [0m] Started Hold until boot process finishes up.
[[0;32m  OK  [0m] Started Terminate Plymouth Boot Screen.
[[0;32m  OK  [0m] Started Serial Getty on ttyS0.
         Starting Set console scheme...
[[0;32m  OK  [0m] Started Set console scheme.
[[0;32m  OK  [0m] Created slice system-getty.slice.
[[0;32m  OK  [0m] Started Getty on tty1.
[[0;32m  OK  [0m] Reached target Login Prompts.
[[0;32m  OK  [0m] Started LSB: automatic crash report generation.
[[0;32m  OK  [0m] Started Authorization Manager.
[[0;32m  OK  [0m] Started Accounts Service.
[[0;32m  OK  [0m] Started Virtualbox guest utils.
[[0;32m  OK  [0m] Started LSB: Record successful boot for GRUB.
[[0;32m  OK  [0m] Started LXD - container startup/shutdown.
[[0;32m  OK  [0m] Started Dispatcher daemon for systemd-networkd.
[[0;32m  OK  [0m] Started Snappy daemon.
         Starting Wait until snapd is fully seeded...
[[0;32m  OK  [0m] Started Pollinate to seed the pseudo random number generator.
         Starting OpenBSD Secure Shell server...
[[0;32m  OK  [0m] Started OpenBSD Secure Shell server.
[[0;32m  OK  [0m] Created slice User Slice of vagrant.
         Starting User Manager for UID 1000...
[[0;32m  OK  [0m] Started Session 1 of user vagrant.
[[0;32m  OK  [0m] Started User Manager for UID 1000.
[[0;32m  OK  [0m] Started Wait until snapd is fully seeded.
[[0;32m  OK  [0m] Reached target Multi-User System.
[[0;32m  OK  [0m] Reached target Graphical Interface.
         Starting Update UTMP about System Runlevel Changes...
         Starting Apply the settings specified in cloud-config...
[[0;32m  OK  [0m] Started Update UTMP about System Runlevel Changes.
[   13.477546] cloud-init[1359]: Cloud-init v. 19.3-41-gc4735dd3-0ubuntu1~18.04.1 running 'modules:config' at Tue, 21 Jan 2020 10:46:34 +0000. Up 13.10 seconds.
[[0;32m  OK  [0m] Started Apply the settings specified in cloud-config.
         Starting Execute cloud user/final scripts...
ci-info: no authorized ssh keys fingerprints found for user ubuntu.
<14>Jan 21 10:46:35 ec2: 
<14>Jan 21 10:46:35 ec2: #############################################################
<14>Jan 21 10:46:35 ec2: -----BEGIN SSH HOST KEY FINGERPRINTS-----
<14>Jan 21 10:46:35 ec2: 1024 SHA256:NLpOp3wHVjrOnM7em8a72DeDS2TH768WRFufFCgaObY root@ubuntu-bionic (DSA)
<14>Jan 21 10:46:35 ec2: 256 SHA256:foKqcHxZdlVcDxRNcEgJTVS5gxJqbPU2DaZwu2K4SKg root@ubuntu-bionic (ECDSA)
<14>Jan 21 10:46:35 ec2: 256 SHA256:Kc40FV2mUqtRAmmjpxD68Kn+NoA+Ekf1dBdjQnznmCY root@ubuntu-bionic (ED25519)
<14>Jan 21 10:46:35 ec2: 2048 SHA256:qoHq0hFkcsi6hHzgbYS1DHjAM0p8P1bkHIljOOu2suc root@ubuntu-bionic (RSA)
<14>Jan 21 10:46:35 ec2: -----END SSH HOST KEY FINGERPRINTS-----
<14>Jan 21 10:46:35 ec2: #############################################################
-----BEGIN SSH HOST KEY KEYS-----
ecdsa-sha2-nistp256 AAAAE2VjZHNhLXNoYTItbmlzdHAyNTYAAAAIbmlzdHAyNTYAAABBBIJ6+RVVPr6UludcwXhCm+bH/1sqp5QWRiRM9oBaQFwg7dDpPmJ/7VwyBhuy19uC7t6rU4JahPKxcfEo3Mfv8iY= root@ubuntu-bionic
ssh-ed25519 AAAAC3NzaC1lZDI1NTE5AAAAILXKahwcNZjGyGbQxuA1Dc7q63Ri55/p+prpjmL1JBLC root@ubuntu-bionic
ssh-rsa AAAAB3NzaC1yc2EAAAADAQABAAABAQDA9qBznfBtVSRBuZLJU6Bq1WszdHTatAnsgTQX8bqcapukVpHFq8i9r8qtjGysSCMB0I4A5t7/w5KJQ/tR2DoaHHbQaUvCBxKIC6SmD53QnR0qxOY3PjiTy+lvVn9nRUarlxqzIgflaX02i3AX3Hw02lhoAImkJzwvfeQSk1B1+OHqg7a+DErtsz7I8qij3Q052eoFTdJN+gxd/wNV4yHAvK1KkhrOt6vIVBdwohyuxRJnfRpPbTWnebFdz6wUth10oDvWx4UYY4jUqH+WCuouZb+UCEflNm381P3Z7R0L8fl9Uv5Hpkk5FuppJxs2MsGrkK9u2EdXQ4GHFRaBCeWh root@ubuntu-bionic
-----END SSH HOST KEY KEYS-----
[   13.948707] cloud-init[1467]: Cloud-init v. 19.3-41-gc4735dd3-0ubuntu1~18.04.1 running 'modules:final' at Tue, 21 Jan 2020 10:46:35 +0000. Up 13.82 seconds.
[   13.961035] cloud-init[1467]: ci-info: no authorized ssh keys fingerprints found for user ubuntu.
[   13.961863] cloud-init[1467]: Cloud-init v. 19.3-41-gc4735dd3-0ubuntu1~18.04.1 finished at Tue, 21 Jan 2020 10:46:35 +0000. Datasource DataSourceNoCloud [seed=/dev/sdb][dsmode=net].  Up 13.94 seconds
[[0;32m  OK  [0m] Started Execute cloud user/final scripts.
[[0;32m  OK  [0m] Reached target Cloud-init target.

Ubuntu 18.04.3 LTS ubuntu-bionic ttyS0

ubuntu-bionic login: 